KataGo v1.13.0
Using TrompTaylor rules initially, unless GTP/GUI overrides this
Initializing board with boardXSize 19 boardYSize 19
Loaded config configs/gtp_example.cfg and/or command-line and query overrides
Loaded model tests/models/g170-b6c96-s175395328-d26788732.bin.gz
Model name: g170-b6c96-s175395328-d26788732
GTP ready, beginning main protocol loop
MoveNum: 0 HASH: CDCBC1F514D7E680FACD226074256633
   A B C D E F G H J K L M N O P Q R S T
19 . . . . . . . . . . . . . . . . . . .
18 . . . . . . . . . . . . . . . . . . .
17 . . . . . . . . . . . . . . . . . . .
16 . . . . . . . . . . . . . . . . . . .
15 . . . . . . . . . . . . . . . . . . .
14 . . . . . . . . . . . . . . . . . . .
13 . . . . . . . . . . . . . . . . . . .
12 . . . . . . . . . . . . . . . . . . .
11 . . . . . . . . . . . . . . . . . . .
10 . . . . . . . . . . . . . . . . . . .
 9 . . . . . . . . . . . . . . . . . . .
 8 . . . . . . . . . . . . . . . . . . .
 7 . . . . . . . . . . . . . . . . . . .
 6 . . . . . . . . . . . . . . . . . . .
 5 . . . . . . . . . . . . . . . . . . .
 4 . . . . . . . . . . . . . . . . . . .
 3 . . . . @ . . . . . . . . . . . . . .
 2 . . . . . . . . . . . . . . . . . . .
 1 . . . . . . . . . . . . . . . . . . .

koPOSITIONALscoreAREAtaxNONEsui1komi7.5
Time taken: ###
Root visits: 1500
New playouts: 1500
NN rows: 1366
NN batches: 1366
NN avg batch size: 1
PV: R6 Q4 D3 D17
Tree:
: T -30.52c W  -3.64c S  -0.37c ( -0.9 L  -1.0) N    1500  --  R6 Q4 D3 D17
---Black(^)---
R6  : T -27.57c W  -5.05c S  -0.60c ( -1.2 L  -1.2) LCB  -32.86c P  0.13% WF 156.8 PSV     261 N     154  --  R6 Q4 D3 D17
R15 : T -28.79c W  -2.37c S  -0.07c ( -0.4 L  -0.6) LCB  -33.42c P  0.39% WF 208.1 PSV     206 N     206  --  R15 D4 Q17 Q3 C16 Q5 E16
E3  : T -28.81c W  -2.24c S  -0.12c ( -0.5 L  -0.6) LCB  -33.66c P  0.50% WF 207.1 PSV     205 N     205  --  E3 C16 C4 Q3 R16 Q5
E17 : T -28.22c W  -4.04c S  -0.37c ( -0.9 L  -0.9) LCB  -34.28c P  0.41% WF 150.0 PSV     148 N     148  --  E17 R16 C16 Q3 D3 Q5 D5
R14 : T -28.21c W  -4.54c S  -0.53c ( -1.1 L  -1.2) LCB  -35.32c P  0.14% WF 125.6 PSV     124 N     124  --  R14 Q16 D3 Q3 C16
C6  : T -27.75c W  -4.77c S  -0.61c ( -1.2 L  -1.3) LCB  -37.81c P  0.13% WF  78.0 PSV      77 N      77  --  C6 D4 R16 Q3 C16
R5  : T -29.01c W  -3.13c S  -0.23c ( -0.7 L  -0.7) LCB  -35.70c P  0.35% WF 103.6 PSV      54 N     103  --  R5 C4 Q3 D17 Q17 D15
C14 : T -23.86c W  -5.36c S  -0.85c ( -1.6 L  -1.6) LCB  -37.26c P  0.12% WF  53.6 PSV      52 N      52  --  C14 D16 R4 C4 Q17
G3  : T -28.24c W  -6.10c S  -0.88c ( -1.6 L  -1.7) LCB  -39.29c P  0.13% WF  51.4 PSV      51 N      51  --  G3 D4 Q3 D17 Q17
N17 : T -28.85c W  -6.88c S  -0.99c ( -1.8 L  -1.8) LCB  -45.57c P  0.12% WF  30.1 PSV      30 N      30  --  N17 R16 D17 Q3 C4
MoveNum: 1 HASH: ACDEF16709EEB077F1642810CBE58A98
   A B C D E F G H J K L M N O P Q R S T
19 . . . . . . . . . . . . . . . . . . .
18 . . . . . . . . . . . . . . . . . . .
17 . . . . . . . . . . . . . . . . . . .
16 . . . . . . . . . . . . . . . . . . .
15 . . . . . . . . . . . . . . . . . . .
14 . . . . . . . . . . . . . . . . . . .
13 . . . . . . . . . . . . . . . . . . .
12 . . . . . . . . . . . . . . . . . . .
11 . . . . . . . . . . . . . . . . . . .
10 . . . . . . . . . . . . . . . . . . .
 9 . . . . . . . . . . . . . . . . . . .
 8 . . . . . . . . . . . . . . . . . . .
 7 . . . . . . . . . . . . . . . . . . .
 6 . . . . . . . . . . . . . . . . . . .
 5 . . . . . . . . . . . . . . . . . . .
 4 . . . . . . . . . . . . . . . . . . .
 3 . . @ . X1. . . . . . . . . . . . . .
 2 . . . . . . . . . . . . . . . . . . .
 1 . . . . . . . . . . . . . . . . . . .

koPOSITIONALscoreAREAtaxNONEsui1komi7.5
Time taken: ###
Root visits: 1500
New playouts: 1500
NN rows: 1262
NN batches: 1262
NN avg batch size: 1
PV: C3 Q3 D5 D17 Q17 Q5 C15 C16
Tree:
: T -23.82c W   0.26c S  -0.45c ( -0.2 L  -0.3) N    1500  --  C3 Q3 D5 D17 Q17 Q5 C15
---White(^)---
C3  : T -21.64c W   2.33c S   0.01c ( +0.5 L  +0.5) LCB  -25.28c P  2.25% WF 339.4 PSV     334 N     334  --  C3 Q3 D5 D17 Q17 Q5 C15 C16
D3  : T -21.69c W   0.30c S  -0.45c ( -0.2 L  -0.6) LCB  -27.90c P  1.38% WF 304.6 PSV     177 N     300  --  D3 D4 C3 C4 E2 F3 F2 G3
C4  : T -23.10c W   2.47c S  -0.06c ( +0.3 L  +0.4) LCB  -28.72c P  5.69% WF 150.2 PSV     150 N     150  --  C4 Q17 Q16 R16 P17 R17 D17
P3  : T -21.64c W  -1.34c S  -0.70c ( -0.6 L  -0.6) LCB  -31.11c P  0.40% WF  73.7 PSV      59 N      73  --  P3 C4 R4 C16 Q17 E16 Q15
R5  : T -22.00c W  -1.52c S  -0.78c ( -0.7 L  -0.7) LCB  -33.06c P  0.37% WF  53.3 PSV      26 N      53  --  R5 C4 Q3 C16 Q17 E16
R14 : T  -9.20c W  -1.27c S  -0.81c ( -0.8 L  -0.8) LCB  -19.48c P  0.11% WF  26.5 PSV      25 N      25  --  R14 C16 Q17 Q3 C4 Q5
R6  : T -21.56c W  -3.20c S  -1.07c ( -1.1 L  -1.3) LCB  -31.42c P  0.12% WF  87.9 PSV      23 N      87  --  R6 Q3 D4 D3 C4 C3 Q17
D4  : T -31.40c W   3.26c S   0.18c ( +0.7 L  +0.5) LCB  -45.89c P  4.24% WF  24.8 PSV      20 N      26  --  D4 D3 C4 C3 C16 Q3
O3  : T -21.63c W  -2.33c S  -0.97c ( -1.0 L  -1.1) LCB  -34.07c P  0.13% WF  46.4 PSV      19 N      46  --  O3 R4 C16 R16 C4
Q3  : T -44.00c W   3.31c S   0.11c ( +0.6 L  +0.6) LCB  -59.96c P  8.05% WF  15.2 PSV      17 N      17  --  Q3 C16 D4 D3 C4 C3
MoveNum: 2 HASH: 606FE60D1AEF5017E5B8C86C6F33406D
   A B C D E F G H J K L M N O P Q R S T
19 . . . . . . . . . . . . . . . . . . .
18 . . . . . . . . . . . . . . . . . . .
17 . . . . @ . . . . . . . . . . . . . .
16 . . . . . . . . . . . . . . . . . . .
15 . . . . . . . . . . . . . . . . . . .
14 . . . . . . . . . . . . . . . . . . .
13 . . . . . . . . . . . . . . . . . . .
12 . . . . . . . . . . . . . . . . . . .
11 . . . . . . . . . . . . . . . . . . .
10 . . . . . . . . . . . . . . . . . . .
 9 . . . . . . . . . . . . . . . . . . .
 8 . . . . . . . . . . . . . . . . . . .
 7 . . . . . . . . . . . . . . . . . . .
 6 . . . . . . . . . . . . . . . . . . .
 5 . . . . . . . . . . . . . . . . . . .
 4 . . . . . . . . . . . . . . . . . . .
 3 . . O2. X1. . . . . . . . . . . . . .
 2 . . . . . . . . . . . . . . . . . . .
 1 . . . . . . . . . . . . . . . . . . .

koPOSITIONALscoreAREAtaxNONEsui1komi7.5
Time taken: ###
Root visits: 1500
New playouts: 1500
NN rows: 1272
NN batches: 1272
NN avg batch size: 1
PV: E17 D5 C16 Q4 Q17 R15 R16 Q15 O16
Tree:
: T -27.95c W  -5.21c S  -0.04c ( -1.4 L  -1.5) N    1500  --  E17 D5 C16 Q4 Q17 R15 R16
---Black(^)---
E17 : T -25.36c W  -4.52c S   0.11c ( -1.2 L  -1.5) LCB  -28.88c P  0.34% WF 297.8 PSV     888 N     293  --  E17 D5 C16 Q4 Q17 R15 R16 Q15
C4  : T -25.99c W  -5.08c S  -0.03c ( -1.4 L  -1.4) LCB  -30.51c P  3.12% WF 559.8 PSV     552 N     552  --  C4 B4 D4 B6 B5 C5 D5 C6
R15 : T -25.67c W  -6.63c S  -0.29c ( -1.8 L  -2.0) LCB  -32.13c P  0.27% WF 115.0 PSV     114 N     114  --  R15 Q17 P16 P17 O16 N17 C16 Q3
R5  : T -25.66c W  -7.00c S  -0.36c ( -1.9 L  -2.1) LCB  -31.87c P  0.26% WF 108.0 PSV     107 N     107  --  R5 Q3 P4 P3 O4 N3 C16
D4  : T -26.42c W  -4.51c S   0.03c ( -1.3 L  -1.1) LCB  -37.84c P  1.93% WF  91.3 PSV      91 N      91  --  D4 B5 Q3 Q17 C16 Q15
C15 : T -24.95c W  -6.34c S  -0.22c ( -1.7 L  -1.9) LCB  -31.71c P  0.25% WF  73.9 PSV      73 N      73  --  C15 D17 E16 E17 F16 G17 R16
P3  : T -25.84c W  -6.16c S  -0.19c ( -1.6 L  -1.8) LCB  -34.12c P  0.33% WF  64.4 PSV      64 N      64  --  P3 R4 Q5 R5 Q6 R7 D17 Q17
D6  : T -26.12c W  -6.10c S  -0.28c ( -1.8 L  -1.6) LCB  -40.39c P  0.33% WF  32.1 PSV      32 N      32  --  D6 D17 Q17 Q3
D5  : T -38.02c W  -0.99c S   0.80c ( -0.2 L  -0.1) LCB  -53.11c P  4.57% WF  17.0 PSV      18 N      18  --  D5 B5 R16 Q3 C16
D17 : T -53.01c W  -3.18c S   0.54c ( -0.6 L  -0.6) LCB  -66.58c P  8.89% WF  13.9 PSV      16 N      16  --  D17 Q3 Q17 D5 Q15
MoveNum: 3 HASH: 6C015F558107BCD5B0D09BCD7F7B7F50
   A B C D E F G H J K L M N O P Q R S T
19 . . . . . . . . . . . . . . . . . . .
18 . . . . . . . . . . . . . . . . . . .
17 . . . . X3. . . . . . . . . . . . . .
16 . . . . . . . . . . . . . . . . . . .
15 . . . . . . . . . . . . . . . . . . .
14 . . . . . . . . . . . . . . . . . . .
13 . . . . . . . . . . . . . . . . . . .
12 . . . . . . . . . . . . . . . . . . .
11 . . . . . . . . . . . . . . . . . . .
10 . . . . . . . . . . . . . . . . . . .
 9 . . . . . . . . . . . . . . . . . . .
 8 . . . . . . . . . . . . . . . . . . .
 7 . . . . . . . . . . . . . . . . . . .
 6 . . . . . . . . . . . . . . . . . . .
 5 . . . . . . . . . . . . . . . . . . .
 4 . . . . . . . . . . . . . . . . . . .
 3 . . O2. X1. . . . . . . . . @ . . . .
 2 . . . . . . . . . . . . . . . . . . .
 1 . . . . . . . . . . . . . . . . . . .

koPOSITIONALscoreAREAtaxNONEsui1komi7.5
Time taken: ###
Root visits: 1500
New playouts: 1500
NN rows: 1198
NN batches: 1198
NN avg batch size: 1
PV: P3 R4 C16 R16 Q5 R5 Q6 R7 D5 P16 J3 Q7
Tree:
: T  -6.49c W   3.00c S  -0.51c ( +0.6 L  +0.7) N    1500  --  P3 R4 C16 R16 Q5 R5 Q6
---White(^)---
P3  : T  -3.12c W   2.28c S  -0.64c ( +0.4 L  +0.5) LCB   -4.65c P  0.33% WF 998.1 PSV     972 N     972  --  P3 R4 C16 R16 Q5 R5 Q6 R7
D16 : T -13.56c W   6.24c S   0.21c ( +1.6 L  +1.8) LCB  -26.64c P  8.47% WF  41.5 PSV      37 N      44  --  D16 D17 C16 C17 Q17 Q3
C16 : T  -9.79c W   5.18c S  -0.02c ( +1.3 L  +1.5) LCB  -15.17c P  4.91% WF 112.6 PSV      33 N     117  --  C16 Q16 R4 C5 D4
D5  : T -12.44c W   5.11c S  -0.10c ( +1.2 L  +1.5) LCB  -23.34c P  4.74% WF  31.5 PSV      23 N      33  --  D5 Q17 D16 D17 C16 C17 Q3
Q17 : T -34.08c W   6.20c S   0.08c ( +1.5 L  +1.6) LCB  -47.00c P 10.46% WF  12.8 PSV      15 N      15  --  Q17 Q3 Q4 R4 P3
Q3  : T -35.74c W   5.81c S   0.00c ( +1.3 L  +1.5) LCB  -49.83c P 10.64% WF  12.6 PSV      14 N      15  --  Q3 Q17 Q16 R16 R15
R16 : T -35.17c W   6.61c S   0.20c ( +1.6 L  +1.7) LCB  -48.83c P  9.52% WF  11.1 PSV      13 N      13  --  R16 Q3 D16 D17 C16 C17
C17 : T -10.45c W   6.31c S   0.15c ( +1.6 L  +1.5) LCB  -20.64c P  1.97% WF  33.8 PSV      12 N      35  --  C17 R4 Q4 Q3 P3
R15 : T  -4.05c W   2.93c S  -0.60c ( +0.5 L  +0.5) LCB  -13.53c P  0.26% WF  26.0 PSV      12 N      26  --  R15 Q3 Q17 C16 D5
R4  : T -33.00c W   5.33c S  -0.03c ( +1.3 L  +1.5) LCB  -48.22c P  8.43% WF  10.4 PSV      12 N      12  --  R4 Q17 D16 D17 C16
