KataGo v1.13.0
Using koPOSITIONALscoreAREAtaxNONEsui0button1 rules initially, unless GTP/GUI overrides this
Initializing board with boardXSize 19 boardYSize 19
Loaded config configs/gtp_example.cfg and/or command-line and query overrides
Loaded model tests/models/g170-b6c96-s175395328-d26788732.bin.gz
Model name: g170-b6c96-s175395328-d26788732
GTP ready, beginning main protocol loop
MoveNum: 0 HASH: CDCBC1F514D7E680FACD226074256633
   A B C D E F G H J K L M N O P Q R S T
19 . . . . . . . . . . . . . . . . . . .
18 . . . . . . . . . . . . . . . . . . .
17 . . . . . . . . . . . . . . . . . . .
16 . . . . . . . . . . . . . . . . . . .
15 . . . . . . . . . . . . . . . . . . .
14 . . . . . . . . . . . . . . . . . . .
13 . . . . . . . . . . . . . . . . . . .
12 . . . . . . . . . . . . . . . . . . .
11 . . . . . . . . . . . . . . . . . . .
10 . . . . . . . . . . . . . . . . . . .
 9 . . . . . . . . . . . . . . . . . . .
 8 . . . . . . . . . . . . . . . . . . .
 7 . . . . . . . . . . . . . . . . . . .
 6 . . . . . . . . . . . . . . . . . . .
 5 . . . . . . . . . . . . . . . . . . .
 4 . . . . . . . . . . . . . . . . . . .
 3 . . . . . . . . . . . . . . . @ . . .
 2 . . . . . . . . . . . . . . . . . . .
 1 . . . . . . . . . . . . . . . . . . .

koPOSITIONALscoreAREAtaxNONEsui0button1komi7
Time taken: ###
Root visits: 100
New playouts: 100
NN rows: 83
NN batches: 83
NN avg batch size: 1
PV: Q17 D3 C16 Q3 Q15
Tree:
: T   0.90c W   0.68c S   0.23c ( +0.3 L  +0.4) N     100  --  Q17 D3 C16 Q3 Q15
---Black(^)---
Q17 : T   1.93c W   1.24c S   0.35c ( +0.5 L  +0.5) LCB   -1.61c P  8.96% WF  17.1 PSV      22 N      17  --  Q17 D3 C16 Q3 Q15
D3  : T   1.54c W   1.23c S   0.35c ( +0.5 L  +0.6) LCB   -2.92c P  8.50% WF  14.0 PSV      13 N      14  --  D3 R16 C16 Q3 E16
Q3  : T   1.18c W   1.19c S   0.30c ( +0.4 L  +0.5) LCB   -4.25c P  9.03% WF  12.0 PSV      12 N      12  --  Q3 D3 C16 Q17 E16
C16 : T   1.16c W   0.77c S   0.25c ( +0.4 L  +0.3) LCB   -5.59c P  7.98% WF  11.0 PSV      10 N      11  --  C16 R16 D3 Q3 E16
R16 : T   0.99c W   0.87c S   0.25c ( +0.4 L  +0.4) LCB   -5.72c P  7.52% WF  11.0 PSV       9 N      11  --  R16 D3 C16 Q3
R4  : T   0.60c W   0.44c S   0.13c ( +0.2 L  +0.2) LCB   -8.44c P  9.08% WF   9.0 PSV       9 N       9  --  R4 D3 C16 Q17 E16
D17 : T   0.59c W   0.20c S   0.13c ( +0.2 L  +0.2) LCB  -10.92c P  8.03% WF   8.0 PSV       8 N       8  --  D17 R16 D3 Q3 D5
C4  : T  -0.03c W   0.28c S   0.12c ( +0.2 L  +0.2) LCB  -15.41c P  8.65% WF   7.0 PSV       7 N       7  --  C4 R16 C16 Q3
Q4  : T  -0.26c W  -0.23c S   0.11c ( +0.2 L  +0.2) LCB  -43.20c P  5.57% WF   4.0 PSV       4 N       4  --  Q4 D3 D17 Q17
D4  : T  -0.91c W  -0.69c S  -0.04c ( -0.1 L  +0.0) LCB  -44.08c P  4.56% WF   4.0 PSV       3 N       4  --  D4 R16 D17 Q3
