= 

= 

= 

= 

= D4

= A3

= F4

= A1

= 

= C1

= MoveNum: 6 HASH: 9BE87029B630D0B6435D9AE046166F79
   A B C D E F G
 7 . . . O X X .
 6 . O . O O X .
 5 . X O O X . .
 4 . O O X X X .
 3 O . O X X . X
 2 O O X X . X .
 1 O1. O3. . . .
Next player: Black
Rules: {"friendlyPassOk":true,"hasButton":false,"ko":"SIMPLE","komi":5.0,"scoring":"AREA","suicide":false,"tax":"NONE","whiteHandicapBonus":"N"}
B stones captured: 2
W stones captured: 1

= D7 E7 F7 B6 D6 E6 F6 C5 D5 E5 B4 C4 D4 E4 F4 A3 C3 D3 E3 G3 A2 B2 C2 D2 F2 A1 C1

= B5

= W+4.0

= D1

= 

= 

= MoveNum: 7 HASH: 9BE87029B630D0B6435D9AE046166F79
   A B C D E F G
 7 . . . O X X .
 6 . O . O O X .
 5 . X O O X . .
 4 . O O X X X .
 3 O . O X X . X
 2 O O X X . X .
 1 O . O2. . . .
Next player: White
Rules: {"friendlyPassOk":true,"hasButton":false,"ko":"SIMPLE","komi":5.0,"scoring":"AREA","suicide":false,"tax":"NONE","whiteHandicapBonus":"N"}
B stones captured: 2
W stones captured: 1

= D7 E7 F7 B6 D6 E6 F6 C5 D5 E5 B4 C4 D4 E4 F4 A3 C3 D3 E3 G3 A2 B2 C2 D2 F2 A1 C1

= B5

= W+6.0

= 

= 

= 

= D4

= A3

= F4

= A1

= 

= C1

= 

= 

= MoveNum: 6 HASH: 806A1708DE637B1D9145BE60E7EE7578
   A B C D E F G
 7 . . . O X X .
 6 . O . O O X .
 5 . X O O X . .
 4 . O O X X X .
 3 O . O X X . X
 2 O O X X . X .
 1 O1X . . . . .
Next player: Black
Rules: {"friendlyPassOk":false,"hasButton":false,"ko":"POSITIONAL","komi":5.0,"scoring":"AREA","suicide":true,"tax":"NONE","whiteHandicapBonus":"0"}
B stones captured: 1
W stones captured: 1

= D7 E7 F7 B6 D6 E6 F6 B5 C5 D5 E5 B4 C4 D4 E4 F4 A3 C3 D3 E3 G3 A2 B2 C2 D2 F2 A1 B1

= 

= B+9.0

= C1

= 

= 

= MoveNum: 7 HASH: 806A1708DE637B1D9145BE60E7EE7578
   A B C D E F G
 7 . . . O X X .
 6 . O . O O X .
 5 . X O O X . .
 4 . O O X X X .
 3 O . O X X . X
 2 O O X X . X .
 1 O X . . . . .
Next player: White
Rules: {"friendlyPassOk":false,"hasButton":false,"ko":"POSITIONAL","komi":5.0,"scoring":"AREA","suicide":true,"tax":"NONE","whiteHandicapBonus":"0"}
B stones captured: 1
W stones captured: 1

= D7 E7 F7 B6 D6 E6 F6 B5 C5 D5 E5 B4 C4 D4 E4 F4 A3 C3 D3 E3 G3 A2 B2 C2 D2 F2 A1 B1

= 

= B+9.0

