= Q3

= Q17

= 

= D3

= Q17

= 

= E6

= MoveNum: 1 HASH: F6947E54F53D680912E6585605F8EFAC
   A B C D E F G H J
 9 . . . . . . . . .
 8 . . . . . . . . .
 7 . . . . . . . . .
 6 . . . . X1. . . .
 5 . . . . . . . . .
 4 . . . . . . . . .
 3 . . . . . . . . .
 2 . . . . . . . . .
 1 . . . . . . . . .
Next player: White
Rules: {"friendlyPassOk":false,"hasButton":false,"ko":"POSITIONAL","komi":7.5,"scoring":"AREA","suicide":true,"tax":"NONE","whiteHandicapBonus":"0"}
B stones captured: 0
W stones captured: 0

