KataGo v1.11.0
Using TrompTaylor rules initially, unless GTP/GUI overrides this
Initializing board with boardXSize 19 boardYSize 19
Loaded config configs/gtp_example.cfg and/or command-line and query overrides
Loaded model tests/models/g170-b6c96-s175395328-d26788732.bin.gz
Model name: g170-b6c96-s175395328-d26788732
GTP ready, beginning main protocol loop
Initializing board with boardXSize 7 boardYSize 7
Changed rules to Chinese
MoveNum: 0 HASH: 534D5F4EAEDAD476890520B7CAD26FA0
   A B C D E F G
 7 . . . O X X .
 6 . O . O O X .
 5 . X O O X . .
 4 . O O @ X . .
 3 . X O X X O X
 2 O O X X . X .
 1 . X . . . . .

koSIMPLEscoreAREAtaxNONEsui0whbNfpok1komi5
Time taken: ###
Root visits: 100
New playouts: 100
NN rows: 57
NN batches: 57
NN avg batch size: 1
PV: D4 A3 F4 A1 C1 A5 G6 C6 G5 pass pass
Tree:
: T   8.58c W  18.01c S  -2.69c ( +0.1 L  +0.1) N     100  --  D4 A3 F4 A1 C1 A5 G6
---Black(^)---
D4  : T  12.08c W  19.73c S  -2.88c ( +0.1 L  +0.1) LCB   -5.40c P 28.54% WF  57.4 PSV      76 N      56  --  D4 A3 F4 A1 C1 A5 G6 C6
C1  : T   1.84c W  13.18c S  -2.66c ( +0.1 L  +0.1) LCB  -20.57c P 59.49% WF  36.7 PSV      35 N      38  --  C1 A3 D4 A1 F4 A5 G6 C6
F4  : T   3.92c W  22.08c S  -1.65c ( +0.4 L  +0.2) LCB  -81.42c P  7.31% WF   4.9 PSV       5 N       5  --  F4 D4 C1 A3
MoveNum: 1 HASH: 52844085B23915A6A066B24E800201DC
   A B C D E F G
 7 . . . O X X .
 6 . O . O O X .
 5 . X O O X . .
 4 . O O X1X . .
 3 @ X O X X O X
 2 O O X X . X .
 1 . X . . . . .

koSIMPLEscoreAREAtaxNONEsui0whbNfpok1komi5
Time taken: ###
Root visits: 100
New playouts: 44
NN rows: 13
NN batches: 13
NN avg batch size: 1
PV: A3 F4 A1 C1 A5 G6 C6 E1 pass pass
Tree:
: T -12.74c W -17.03c S   0.05c ( -0.0 L  -0.0) N     100  --  A3 F4 A1 C1 A5 G6 C6
---White(^)---
A3  : T -11.48c W -15.91c S   0.11c ( -0.0 L  -0.0) LCB  -22.77c P 58.04% WF  98.2 PSV      98 N      98  --  A3 F4 A1 C1 A5 G6 C6 E1
C1  : T -90.34c W -85.99c S  -4.35c ( -1.3 L  -1.0) LCB -440.34c P 16.63% WF   0.8 PSV       1 N       1  --  C1
MoveNum: 2 HASH: BD17188D3FA6FC41A4A484243DEAE6FF
   A B C D E F G
 7 . . . O X X .
 6 . O . O O X .
 5 . X O O X . .
 4 . O O X1X @ .
 3 O2. O X X O X
 2 O O X X . X .
 1 . X . . . . .

koSIMPLEscoreAREAtaxNONEsui0whbNfpok1komi5
Time taken: ###
Root visits: 100
New playouts: 2
NN rows: 2
NN batches: 2
NN avg batch size: 1
PV: F4 A1 C1 A5 G6 C6 pass pass
Tree:
: T  11.36c W  15.37c S  -0.00c ( +0.0 L  +0.0) N     100  --  F4 A1 C1 A5 G6 C6 pass
---Black(^)---
F4  : T  15.44c W  19.22c S   0.18c ( +0.1 L  +0.1) LCB   -1.87c P 11.03% WF  33.9 PSV      92 N      33  --  F4 A1 C1 A5 G6 C6 pass pass
C1  : T   8.65c W  12.90c S  -0.10c ( -0.0 L  -0.0) LCB   -5.28c P 82.16% WF  64.2 PSV      65 N      65  --  C1 A1 F4 A5 G6 C6 pass pass
F5  : T -25.73c W -23.18c S  -2.55c ( -0.7 L  -0.7) LCB -375.73c P  1.19% WF   0.9 PSV       0 N       1  --  F5
MoveNum: 3 HASH: 48E6C4158A76372D961D73101CF04419
   A B C D E F G
 7 . . . O X X .
 6 . O . O O X .
 5 . X O O X . .
 4 . O O X1X X3.
 3 O2. O X X . X
 2 O O X X . X .
 1 @ X . . . . .

koSIMPLEscoreAREAtaxNONEsui0whbNfpok1komi5
Time taken: ###
Root visits: 100
New playouts: 67
NN rows: 16
NN batches: 16
NN avg batch size: 1
PV: A1 C1 A5 G6 C6 pass pass
Tree:
: T  -9.98c W -12.91c S   0.05c ( -0.0 L  -0.0) N     100  --  A1 C1 A5 G6 C6 pass pass
---White(^)---
A1  : T  -8.56c W -11.43c S   0.13c ( -0.0 L  -0.0) LCB  -18.48c P 66.25% WF  97.4 PSV      97 N      97  --  A1 C1 A5 G6 C6 pass pass
C1  : T -94.89c W -90.51c S  -4.38c ( -1.2 L  -1.3) LCB -444.89c P 17.02% WF   0.8 PSV       1 N       1  --  C1
A5  : T -72.80c W -93.99c S  -4.42c ( -1.2 L  -1.1) LCB -422.80c P  5.39% WF   0.8 PSV       0 N       1  --  A5
MoveNum: 5 HASH: 806A1708DE637B1D9145BE60E7EE7578
   A B C D E F G
 7 . . . O X X .
 6 . O . O O X .
 5 . X O O X . .
 4 . O O X X X1.
 3 O . O X X . X
 2 O O X X . X .
 1 O2X @ . . . .

koSIMPLEscoreAREAtaxNONEsui0whbNfpok1komi5
Time taken: ###
Root visits: 50
New playouts: 50
NN rows: 40
NN batches: 40
NN avg batch size: 1
PV: C1 D1 B1 pass A5 F5 pass pass
Tree:
: T 104.49c W  99.90c S   4.25c ( +3.6 L  +3.4) N      50  --  C1 D1 B1 pass A5 F5 pass
---White(^)---
C1  : T 104.51c W  99.91c S   4.26c ( +3.6 L  +3.4) LCB  103.64c P 96.89% WF  49.0 PSV      49 N      49  --  C1 D1 B1 pass A5 F5 pass pass
MoveNum: 6 HASH: 9BE87029B630D0B6435D9AE046166F79
   A B C D E F G
 7 . . . O X X .
 6 . O . O O X .
 5 . X O O X . .
 4 . O O X X X .
 3 O . O X X . X
 2 O O X X . X .
 1 O1. O3@ . . .

koSIMPLEscoreAREAtaxNONEsui0whbNfpok1komi5
Time taken: ###
Root visits: 100
New playouts: 100
NN rows: 0
NN batches: 0
NN avg batch size: -nan
PV: D1 B1 pass A5 pass pass
Tree:
: T -108.02c W -99.93c S  -7.75c ( -3.6 L  -3.4) N     100  --  D1 B1 pass A5 pass pass
---Black(^)---
D1  : T -108.09c W -99.94c S  -7.81c ( -3.6 L  -3.4) LCB -108.67c P 90.76% WF  99.0 PSV      99 N      99  --  D1 B1 pass A5 pass pass
Changed rules to TrompTaylor
MoveNum: 0 HASH: 534D5F4EAEDAD476890520B7CAD26FA0
   A B C D E F G
 7 . . . O X X .
 6 . O . O O X .
 5 . X O O X . .
 4 . O O @ X . .
 3 . X O X X O X
 2 O O X X . X .
 1 . X . . . . .

koPOSITIONALscoreAREAtaxNONEsui1komi5
Time taken: ###
Root visits: 100
New playouts: 100
NN rows: 54
NN batches: 54
NN avg batch size: 1
PV: D4 A3 C1 A1 F4 A5 pass pass
Tree:
: T   7.56c W  17.05c S  -2.65c ( +0.1 L  +0.1) N     100  --  D4 A3 C1 A1 F4 A5 pass
---Black(^)---
D4  : T  11.42c W  19.17c S  -2.80c ( +0.1 L  +0.1) LCB   -6.64c P 28.25% WF  54.4 PSV      71 N      53  --  D4 A3 C1 A1 F4 A5 pass pass
C1  : T   1.08c W  12.09c S  -2.67c ( +0.1 L  +0.1) LCB  -19.39c P 60.03% WF  39.5 PSV      34 N      41  --  C1 A3 D4 A1 F4 A5 pass pass
F4  : T   2.79c W  21.40c S  -1.64c ( +0.4 L  +0.2) LCB  -83.65c P  7.07% WF   4.9 PSV       4 N       5  --  F4 D4 C1 A3
MoveNum: 1 HASH: 52844085B23915A6A066B24E800201DC
   A B C D E F G
 7 . . . O X X .
 6 . O . O O X .
 5 . X O O X . .
 4 . O O X1X . .
 3 @ X O X X O X
 2 O O X X . X .
 1 . X . . . . .

koPOSITIONALscoreAREAtaxNONEsui1komi5
Time taken: ###
Root visits: 100
New playouts: 47
NN rows: 15
NN batches: 15
NN avg batch size: 1
PV: A3 F4 A1 C1 A5 pass pass
Tree:
: T  -9.02c W -13.28c S   0.12c ( -0.0 L  -0.0) N     100  --  A3 F4 A1 C1 A5 pass pass
---White(^)---
A3  : T  -7.71c W -12.11c S   0.19c ( -0.0 L  -0.0) LCB  -18.24c P 59.40% WF  98.2 PSV      98 N      98  --  A3 F4 A1 C1 A5 pass pass
C1  : T -89.99c W -85.74c S  -4.25c ( -1.2 L  -1.0) LCB -439.99c P 16.19% WF   0.8 PSV       1 N       1  --  C1
MoveNum: 2 HASH: BD17188D3FA6FC41A4A484243DEAE6FF
   A B C D E F G
 7 . . . O X X .
 6 . O . O O X .
 5 . X O O X . .
 4 . O O X1X @ .
 3 O2. O X X O X
 2 O O X X . X .
 1 . X . . . . .

koPOSITIONALscoreAREAtaxNONEsui1komi5
Time taken: ###
Root visits: 100
New playouts: 2
NN rows: 2
NN batches: 2
NN avg batch size: 1
PV: F4 A1 C1 A5 pass pass
Tree:
: T   7.99c W  11.77c S  -0.01c ( +0.0 L  +0.0) N     100  --  F4 A1 C1 A5 pass pass
---Black(^)---
F4  : T  12.25c W  15.60c S   0.17c ( +0.1 L  +0.1) LCB   -3.76c P 11.03% WF  34.9 PSV     100 N      34  --  F4 A1 C1 A5 pass pass
C1  : T   4.97c W   9.11c S  -0.12c ( -0.0 L  -0.0) LCB   -8.19c P 82.37% WF  63.1 PSV      64 N      64  --  C1 A1 F4 A5 pass pass
F5  : T -26.28c W -23.78c S  -2.50c ( -0.7 L  -0.7) LCB -376.28c P  1.15% WF   0.9 PSV       0 N       1  --  F5
MoveNum: 3 HASH: 48E6C4158A76372D961D73101CF04419
   A B C D E F G
 7 . . . O X X .
 6 . O . O O X .
 5 . X O O X . .
 4 . O O X1X X3.
 3 O2. O X X . X
 2 O O X X . X .
 1 @ X . . . . .

koPOSITIONALscoreAREAtaxNONEsui1komi5
Time taken: ###
Root visits: 100
New playouts: 66
NN rows: 14
NN batches: 14
NN avg batch size: 1
PV: A1 C1 A5 pass pass
Tree:
: T  -7.45c W  -9.36c S   0.21c ( +0.0 L  -0.0) N     100  --  A1 C1 A5 pass pass
---White(^)---
A1  : T  -6.00c W  -7.80c S   0.29c ( +0.0 L  +0.0) LCB  -15.38c P 66.28% WF  97.4 PSV      97 N      97  --  A1 C1 A5 pass pass
C1  : T -94.47c W -90.15c S  -4.33c ( -1.2 L  -1.3) LCB -444.47c P 17.18% WF   0.8 PSV       1 N       1  --  C1
A5  : T -71.95c W -93.75c S  -4.40c ( -1.2 L  -1.1) LCB -421.95c P  5.37% WF   0.8 PSV       0 N       1  --  A5
MoveNum: 5 HASH: 806A1708DE637B1D9145BE60E7EE7578
   A B C D E F G
 7 . . . O X X .
 6 . O . O O X .
 5 . X O O X . .
 4 . O O X X X1.
 3 O . O X X . X
 2 O O X X . X .
 1 O2X @ . . . .

koPOSITIONALscoreAREAtaxNONEsui1komi5
Time taken: ###
Root visits: 50
New playouts: 50
NN rows: 39
NN batches: 39
NN avg batch size: 1
PV: C1 D1 B1 pass A5 F5 pass pass
Tree:
: T 104.56c W  99.90c S   4.27c ( +3.6 L  +3.4) N      50  --  C1 D1 B1 pass A5 F5 pass
---White(^)---
C1  : T 104.59c W  99.91c S   4.28c ( +3.6 L  +3.4) LCB  103.70c P 96.94% WF  49.0 PSV      49 N      49  --  C1 D1 B1 pass A5 F5 pass pass
MoveNum: 6 HASH: 806A1708DE637B1D9145BE60E7EE7578
   A B C D E F G
 7 . . . O X X .
 6 . O . O O X .
 5 . X O O X . .
 4 . O O X X X .
 3 O . O X X . X
 2 O O X X . X .
 1 O1X @ . . . .

koPOSITIONALscoreAREAtaxNONEsui1komi5
Time taken: ###
Root visits: 50
New playouts: 50
NN rows: 1
NN batches: 1
NN avg batch size: 1
PV: C1 A5 pass pass
Tree:
: T   8.50c W  12.39c S  -1.12c ( +0.0 L  +0.0) N      50  --  C1 A5 pass pass
---Black(^)---
C1  : T   7.78c W  11.76c S  -1.15c ( +0.0 L  +0.0) LCB   -5.95c P 97.04% WF  49.0 PSV      49 N      49  --  C1 A5 pass pass
