= playoutDoublingAdvantage analysisWideRootNoise maxVisits maxPlayouts maxTime

= 

= 50.5

= 

= -23

