KataGo v1.13.0
Using koPOSITIONALscoreAREAtaxNONEsui0button1 rules initially, unless GTP/GUI overrides this
Initializing board with boardXSize 19 boardYSize 19
Loaded config configs/gtp_example.cfg and/or command-line and query overrides
Loaded model tests/models/g170-b6c96-s175395328-d26788732.bin.gz
Model name: g170-b6c96-s175395328-d26788732
GTP ready, beginning main protocol loop
MoveNum: 0 HASH: CDCBC1F514D7E680FACD226074256633
   A B C D E F G H J K L M N O P Q R S T
19 . . . . . . . . . . . . . . . . . . .
18 . . . . . . . . . . . . . . . . . . .
17 . . . . . . . . . . . . . . . . . . .
16 . . . . . . . . . . . . . . . . . . .
15 . . . . . . . . . . . . . . . . . . .
14 . . . . . . . . . . . . . . . . . . .
13 . . . . . . . . . . . . . . . . . . .
12 . . . . . . . . . . . . . . . . . . .
11 . . . . . . . . . . . . . . . . . . .
10 . . . . . . . . . . . . . . . . . . .
 9 . . . . . . . . . . . . . . . . . . .
 8 . . . . . . . . . . . . . . . . . . .
 7 . . . . . . . . . . . . . . . . . . .
 6 . . . . . . . . . . . . . . . . . . .
 5 . . . . . . . . . . . . . . . . . . .
 4 . . . . . . . . . . . . . . . . @ . .
 3 . . . . . . . . . . . . . . . . . . .
 2 . . . . . . . . . . . . . . . . . . .
 1 . . . . . . . . . . . . . . . . . . .

koPOSITIONALscoreAREAtaxNONEsui0button1komi5.5
Time taken: ###
Root visits: 100
New playouts: 100
NN rows: 86
NN batches: 86
NN avg batch size: 1
PV: Q17 D3 C16 Q3 E16
Tree:
: T   4.62c W   4.26c S   0.46c ( +1.3 L  +1.3) N     100  --  Q17 D3 C16 Q3 E16
---Black(^)---
Q17 : T   5.46c W   4.93c S   0.54c ( +1.4 L  +1.3) LCB    2.29c P  8.97% WF  17.1 PSV      23 N      17  --  Q17 D3 C16 Q3 E16
Q3  : T   5.02c W   4.84c S   0.50c ( +1.4 L  +1.4) LCB    0.06c P  9.00% WF  13.0 PSV      13 N      13  --  Q3 D3 C16 Q17 E16
R16 : T   4.92c W   4.40c S   0.53c ( +1.4 L  +1.3) LCB   -0.95c P  7.46% WF  11.0 PSV      11 N      11  --  R16 D3 C16 Q3 E16
C16 : T   4.54c W   4.02c S   0.49c ( +1.4 L  +1.3) LCB   -0.77c P  8.25% WF  12.0 PSV      10 N      12  --  C16 R16 D3 Q3 E16
R4  : T   4.64c W   4.37c S   0.36c ( +1.2 L  +1.2) LCB   -2.88c P  8.98% WF  10.0 PSV      10 N      10  --  R4 D3 C16 Q17 E16
C4  : T   4.44c W   4.34c S   0.49c ( +1.4 L  +1.3) LCB   -3.42c P  8.65% WF  10.0 PSV      10 N      10  --  C4 R16 C16 Q3 E16
D3  : T   4.23c W   4.39c S   0.48c ( +1.4 L  +1.4) LCB   -2.52c P  8.45% WF  11.0 PSV       9 N      11  --  D3 R16 C16 Q3 E16
D17 : T   4.21c W   3.58c S   0.41c ( +1.2 L  +1.2) LCB   -7.43c P  8.17% WF   8.0 PSV       8 N       8  --  D17 R16 D3 Q3 D5
Q4  : T   4.44c W   3.44c S   0.25c ( +1.0 L  +1.1) LCB  -23.47c P  5.55% WF   5.0 PSV       5 N       5  --  Q4 R16 D3
D16 : T   2.09c W   1.93c S   0.15c ( +0.9 L  +0.8) LCB -147.55c P  4.75% WF   2.0 PSV       2 N       2  --  D16 D3
MoveNum: 1 HASH: F19857B2A2B00E3CA2C67ECEB0719FCA
   A B C D E F G H J K L M N O P Q R S T
19 . . . . . . . . . . . . . . . . . . .
18 . . . . . . . . . . . . . . . . . . .
17 . . . . . . . . . . . . . . . @ . . .
16 . . . . . . . . . . . . . . . . . . .
15 . . . . . . . . . . . . . . . . . . .
14 . . . . . . . . . . . . . . . . . . .
13 . . . . . . . . . . . . . . . . . . .
12 . . . . . . . . . . . . . . . . . . .
11 . . . . . . . . . . . . . . . . . . .
10 . . . . . . . . . . . . . . . . . . .
 9 . . . . . . . . . . . . . . . . . . .
 8 . . . . . . . . . . . . . . . . . . .
 7 . . . . . . . . . . . . . . . . . . .
 6 . . . . . . . . . . . . . . . . . . .
 5 . . . . . . . . . . . . . . . . . . .
 4 . . . . . . . . . . . . . . . . X1. .
 3 . . . . . . . . . . . . . . . . . . .
 2 . . . . . . . . . . . . . . . . . . .
 1 . . . . . . . . . . . . . . . . . . .

koPOSITIONALscoreAREAtaxNONEsui0button1komi5.5
Time taken: ###
Root visits: 100
New playouts: 90
NN rows: 78
NN batches: 78
NN avg batch size: 1
PV: D3 Q17 C16 Q15
Tree:
: T  -4.74c W  -4.44c S  -0.30c ( -1.2 L  -1.2) N     100  --  D3 Q17 C16 Q15
---White(^)---
D3  : T  -4.49c W  -4.26c S  -0.28c ( -1.2 L  -1.2) LCB   -7.06c P 14.84% WF  18.0 PSV      23 N      18  --  D3 Q17 C16 Q15
R16 : T  -4.43c W  -4.03c S  -0.21c ( -1.1 L  -1.2) LCB   -7.10c P 15.06% WF  19.0 PSV      19 N      19  --  R16 C4 C16 E4
Q17 : T  -4.29c W  -4.36c S  -0.22c ( -1.1 L  -1.1) LCB   -8.78c P 10.41% WF  13.0 PSV      13 N      13  --  Q17 C4 D17 E4
C4  : T  -4.62c W  -4.47c S  -0.36c ( -1.3 L  -1.3) LCB  -11.01c P  9.23% WF  11.0 PSV      11 N      11  --  C4 Q17 D17 Q15
C16 : T  -4.58c W  -4.49c S  -0.31c ( -1.2 L  -1.2) LCB  -11.20c P  8.08% WF  11.0 PSV      10 N      11  --  C16 Q17 D3 Q15
D17 : T  -5.14c W  -4.78c S  -0.32c ( -1.2 L  -1.3) LCB  -13.32c P  9.93% WF   9.0 PSV       9 N       9  --  D17 C4 Q17 E4
Q4  : T  -4.95c W  -4.16c S  -0.39c ( -1.4 L  -1.6) LCB  -24.85c P  5.56% WF   6.0 PSV       5 N       6  --  Q4 Q3 D3 C16 Q17 E16
Q16 : T  -6.09c W  -5.03c S  -0.41c ( -1.4 L  -1.4) LCB  -48.99c P  6.03% WF   4.0 PSV       4 N       4  --  Q16 D3 D17 D5
D4  : T  -5.98c W  -5.40c S  -0.54c ( -1.6 L  -1.6) LCB  -49.05c P  5.16% WF   4.0 PSV       4 N       4  --  D4 C16 Q17
D16 : T  -5.28c W  -4.80c S  -0.40c ( -1.4 L  -1.4) LCB  -48.20c P  4.65% WF   4.0 PSV       4 N       4  --  D16 D3 Q17 D5
MoveNum: 0 HASH: CDCBC1F514D7E680FACD226074256633
   A B C D E F G H J K L M N O P Q R S T
19 . . . . . . . . . . . . . . . . . . .
18 . . . . . . . . . . . . . . . . . . .
17 . . . . . . . . . . . . . . . . . . .
16 . . . . . . . . . . . . . . . . . . .
15 . . . . . . . . . . . . . . . . . . .
14 . . . . . . . . . . . . . . . . . . .
13 . . . . . . . . . . . . . . . . . . .
12 . . . . . . . . . . . . . . . . . . .
11 . . . . . . . . . . . . . . . . . . .
10 . . . . . . . . . . . . . . . . . . .
 9 . . . . . . . . . . . . . . . . . . .
 8 . . . . . . . . . . . . . . . . . . .
 7 . . . . . . . . . . . . . . . . . . .
 6 . . . . . . . . . . . . . . . . . . .
 5 . . . . . . . . . . . . . . . . . . .
 4 . . . . . . . . . . . . . . . . . . .
 3 . . . @ . . . . . . . . . . . . . . .
 2 . . . . . . . . . . . . . . . . . . .
 1 . . . . . . . . . . . . . . . . . . .

koPOSITIONALscoreAREAtaxNONEsui0button1komi5.5
Time taken: ###
Root visits: 100
New playouts: 100
NN rows: 0
NN batches: 0
NN avg batch size: -nan
PV: Q17 D3 C16 Q3 E16
Tree:
: T   4.62c W   4.26c S   0.46c ( +1.3 L  +1.3) N     100  --  Q17 D3 C16 Q3 E16
---Black(^)---
Q17 : T   5.46c W   4.93c S   0.54c ( +1.4 L  +1.3) LCB    2.29c P  8.97% WF  17.1 PSV      23 N      17  --  Q17 D3 C16 Q3 E16
Q3  : T   5.02c W   4.84c S   0.50c ( +1.4 L  +1.4) LCB    0.06c P  9.00% WF  13.0 PSV      13 N      13  --  Q3 D3 C16 Q17 E16
R16 : T   4.92c W   4.40c S   0.53c ( +1.4 L  +1.3) LCB   -0.95c P  7.46% WF  11.0 PSV      11 N      11  --  R16 D3 C16 Q3 E16
C16 : T   4.54c W   4.02c S   0.49c ( +1.4 L  +1.3) LCB   -0.77c P  8.25% WF  12.0 PSV      10 N      12  --  C16 R16 D3 Q3 E16
R4  : T   4.64c W   4.37c S   0.36c ( +1.2 L  +1.2) LCB   -2.88c P  8.98% WF  10.0 PSV      10 N      10  --  R4 D3 C16 Q17 E16
C4  : T   4.44c W   4.34c S   0.49c ( +1.4 L  +1.3) LCB   -3.42c P  8.65% WF  10.0 PSV      10 N      10  --  C4 R16 C16 Q3 E16
D3  : T   4.23c W   4.39c S   0.48c ( +1.4 L  +1.4) LCB   -2.52c P  8.45% WF  11.0 PSV       9 N      11  --  D3 R16 C16 Q3 E16
D17 : T   4.21c W   3.58c S   0.41c ( +1.2 L  +1.2) LCB   -7.43c P  8.17% WF   8.0 PSV       8 N       8  --  D17 R16 D3 Q3 D5
Q4  : T   4.44c W   3.44c S   0.25c ( +1.0 L  +1.1) LCB  -23.47c P  5.55% WF   5.0 PSV       5 N       5  --  Q4 R16 D3
D16 : T   2.09c W   1.93c S   0.15c ( +0.9 L  +0.8) LCB -147.55c P  4.75% WF   2.0 PSV       2 N       2  --  D16 D3
Changed rules to Chinese
MoveNum: 1 HASH: 399178EAA13E7B3665350D3C481B629B
   A B C D E F G H J K L M N O P Q R S T
19 . . . . . . . . . . . . . . . . . . .
18 . . . . . . . . . . . . . . . . . . .
17 . . . . . . . . . . . . . . . . . . .
16 . . . . . . . . . . . . . . . . . . .
15 . . . . . . . . . . . . . . . . . . .
14 . . . . . . . . . . . . . . . . . . .
13 . . . . . . . . . . . . . . . . . . .
12 . . . . . . . . . . . . . . . . . . .
11 . . . . . . . . . . . . . . . . . . .
10 . . . . . . . . . . . . . . . . . . .
 9 . . . . . . . . . . . . . . . . . . .
 8 . . . . . . . . . . . . . . . . . . .
 7 . . . . . . . . . . . . . . . . . . .
 6 . . . . . . . . . . . . . . . . . . .
 5 . . . . . . . . . . . . . . . . . . .
 4 . . . . . . . . . . . . . . . . . . .
 3 . . . X1. . . . . . . . . . . @ . . .
 2 . . . . . . . . . . . . . . . . . . .
 1 . . . . . . . . . . . . . . . . . . .

koSIMPLEscoreAREAtaxNONEsui0whbNfpok1komi5.5
Time taken: ###
Root visits: 100
New playouts: 100
NN rows: 76
NN batches: 76
NN avg batch size: 1
PV: Q3 R16 C16 D5
Tree:
: T  -4.03c W  -4.49c S   0.23c ( -1.3 L  -1.3) N     100  --  Q3 R16 C16 D5
---White(^)---
Q3  : T  -3.12c W  -3.95c S   0.34c ( -1.1 L  -1.1) LCB   -5.18c P 11.47% WF  21.1 PSV      33 N      21  --  Q3 R16 C16 D5
Q17 : T  -3.34c W  -4.16c S   0.32c ( -1.1 L  -1.2) LCB   -6.23c P 10.79% WF  17.0 PSV      17 N      17  --  Q17 Q3 C16 Q5
R16 : T  -4.09c W  -4.36c S   0.25c ( -1.2 L  -1.3) LCB   -7.68c P 13.43% WF  15.0 PSV      15 N      15  --  R16 Q3 C16 Q5
C16 : T  -3.52c W  -4.17c S   0.25c ( -1.3 L  -1.2) LCB   -7.39c P  9.06% WF  14.0 PSV      13 N      14  --  C16 R16 Q3 D5
R4  : T  -4.49c W  -5.16c S   0.12c ( -1.4 L  -1.4) LCB   -9.70c P 12.38% WF  12.0 PSV      12 N      12  --  R4 R16 D17 D5
D17 : T  -4.39c W  -4.96c S   0.19c ( -1.3 L  -1.3) LCB  -11.76c P 10.13% WF  10.0 PSV      10 N      10  --  D17 Q3 Q17 Q5
D4  : T  -5.94c W  -5.15c S   0.03c ( -1.6 L  -1.7) LCB  -25.90c P  9.16% WF   6.0 PSV       6 N       6  --  D4 C4 E3 C3 Q17 Q3
Q16 : T  -6.89c W  -5.03c S  -0.07c ( -1.7 L  -1.7) LCB -155.99c P  5.06% WF   2.0 PSV       2 N       2  --  Q16 C16
D16 : T  -6.59c W  -4.77c S  -0.02c ( -1.6 L  -1.6) LCB -155.69c P  4.94% WF   2.0 PSV       2 N       2  --  D16 R16
