= (;FF[4]GM[1]SZ[19]PB[]PW[]HA[0]KM[7.5]RU[TrompTaylor])

= 

= 

= 

= 

= 

= 

= 

= 

= 

= 

= 

= 

= 

= 

= 

= 

= 

= 

= 

= 

= 

= 

= 

= (;FF[4]GM[1]SZ[7]PB[]PW[]HA[0]KM[0]RU[TrompTaylor];B[da];W[ea];B[db];W[eb];B[dc];W[ec];B[dd];W[ed];B[de];W[ee];B[df];W[ef];B[dg];W[eg];B[be];W[fd];B[fc];W[fb];B[bc];W[])

= 

= (;FF[4]GM[1]SZ[7]PB[]PW[]HA[0]KM[0]RU[Chinese];B[da];W[ea];B[db];W[eb];B[dc];W[ec];B[dd];W[ed];B[de];W[ee];B[df];W[ef];B[dg];W[eg];B[be];W[fd];B[fc];W[fb];B[bc];W[])

= 

= 

= (;FF[4]GM[1]SZ[7]PB[]PW[]HA[0]KM[0]RU[TrompTaylor]RE[B+20];B[da];W[ea];B[db];W[eb];B[dc];W[ec];B[dd];W[ed];B[de];W[ee];B[df];W[ef];B[dg];W[eg];B[be];W[fd];B[fc];W[fb];B[bc];W[];B[]C[result=B+20])

= 

= (;FF[4]GM[1]SZ[7]PB[]PW[]HA[0]KM[0]RU[Chinese]RE[B+7];B[da];W[ea];B[db];W[eb];B[dc];W[ec];B[dd];W[ed];B[de];W[ee];B[df];W[ef];B[dg];W[eg];B[be];W[fd];B[fc];W[fb];B[bc];W[];B[]C[result=B+7])

