= 

= MoveNum: 0 HASH: FD0308A2D48062AF44ECC687B1059157
   A B C D E F G H J K L M N O P
15 . . . . . . . . . . . . . . .
14 . . . . . . . . . . . . . . .
13 . . . . . . . . . . . . . . .
12 . . . . . . . . . . . . . . .
11 . . . . . . . . . . . . . . .
10 . . . . . . . . . . . . . . .
 9 . . . . . . . . . . . . . . .
 8 . . . . . . . . . . . . . . .
 7 . . . . . . . . . . . . . . .
 6 . . . . . . . . . . . . . . .
 5 . . . . . . . . . . . . . . .
 4 . . . . . . . . . . . . . . .
 3 . . . . . . . . . . . . . . .
 2 . . . . . . . . . . . . . . .
 1 . . . . . . . . . . . . . . .
Next player: Black
Rules: {"friendlyPassOk":false,"hasButton":false,"ko":"POSITIONAL","komi":7.5,"scoring":"AREA","suicide":true,"tax":"NONE","whiteHandicapBonus":"0"}
B stones captured: 0
W stones captured: 0

= 

= 

= MoveNum: 2 HASH: 463A3C94018F8A654BFCAA43C488FB6A
   A B C D E F G H J K L M N O P
15 . . . . . . . . . . . . . . .
14 . . . . . . . . . . . . . . .
13 . . . . . . . . . . . . . . .
12 . . . . . . . . . . . . . . .
11 . . . . . . . . . . . . . . .
10 . . . . . . . . . . . . . . .
 9 . . . . . . . . . . . . . . .
 8 . . . . . . . . . . . . . . .
 7 . . . . . . . . . . . . . . .
 6 . . . . . . . . . . . . . . .
 5 . . . . . . . . . . . . . . .
 4 . . . O2. . . . . . . . . . .
 3 . . X1. . . . . . . . . . . .
 2 . . . . . . . . . . . . . . .
 1 . . . . . . . . . . . . . . .
Next player: Black
Rules: {"friendlyPassOk":false,"hasButton":false,"ko":"POSITIONAL","komi":7.5,"scoring":"AREA","suicide":true,"tax":"NONE","whiteHandicapBonus":"0"}
B stones captured: 0
W stones captured: 0

= 

= MoveNum: 2 HASH: 463A3C94018F8A654BFCAA43C488FB6A
   A B C D E F G H J K L M N O P
15 . . . . . . . . . . . . . . .
14 . . . . . . . . . . . . . . .
13 . . . . . . . . . . . . . . .
12 . . . . . . . . . . . . . . .
11 . . . . . . . . . . . . . . .
10 . . . . . . . . . . . . . . .
 9 . . . . . . . . . . . . . . .
 8 . . . . . . . . . . . . . . .
 7 . . . . . . . . . . . . . . .
 6 . . . . . . . . . . . . . . .
 5 . . . . . . . . . . . . . . .
 4 . . . O2. . . . . . . . . . .
 3 . . X1. . . . . . . . . . . .
 2 . . . . . . . . . . . . . . .
 1 . . . . . . . . . . . . . . .
Next player: Black
Rules: {"friendlyPassOk":false,"hasButton":false,"ko":"POSITIONAL","komi":7.5,"scoring":"AREA","suicide":true,"tax":"NONE","whiteHandicapBonus":"0"}
B stones captured: 0
W stones captured: 0

= 

= MoveNum: 0 HASH: CDCBC1F514D7E680FACD226074256633
   A B C D E F G H J K L M N O P Q R S T
19 . . . . . . . . . . . . . . . . . . .
18 . . . . . . . . . . . . . . . . . . .
17 . . . . . . . . . . . . . . . . . . .
16 . . . . . . . . . . . . . . . . . . .
15 . . . . . . . . . . . . . . . . . . .
14 . . . . . . . . . . . . . . . . . . .
13 . . . . . . . . . . . . . . . . . . .
12 . . . . . . . . . . . . . . . . . . .
11 . . . . . . . . . . . . . . . . . . .
10 . . . . . . . . . . . . . . . . . . .
 9 . . . . . . . . . . . . . . . . . . .
 8 . . . . . . . . . . . . . . . . . . .
 7 . . . . . . . . . . . . . . . . . . .
 6 . . . . . . . . . . . . . . . . . . .
 5 . . . . . . . . . . . . . . . . . . .
 4 . . . . . . . . . . . . . . . . . . .
 3 . . . . . . . . . . . . . . . . . . .
 2 . . . . . . . . . . . . . . . . . . .
 1 . . . . . . . . . . . . . . . . . . .
Next player: Black
Rules: {"friendlyPassOk":false,"hasButton":false,"ko":"POSITIONAL","komi":7.5,"scoring":"AREA","suicide":true,"tax":"NONE","whiteHandicapBonus":"0"}
B stones captured: 0
W stones captured: 0

= 

= 

= MoveNum: 2 HASH: 077BF25165DD82BF35408E9C0A7902AE
   A B C D E F G H J K L M N O P Q R S T
19 . . . . . . . . . . . . . . . . . . .
18 . . . . . . . . . . . . . . . . . . .
17 . . . . . . . . . . . . . . . . . . .
16 . . . . . . . . . . . . . . . . . . .
15 . . . . . . . . . . . . . . . . . . .
14 . . . . . . . . . . . . . . . . . . .
13 . . . . . . . . . . . . . . . . . . .
12 . . . . . . . . . . . . . . . . . . .
11 . . . . . . . . . . . . . . . . . . .
10 . . . . . . . . . . . . . . . . . . .
 9 . . . . . . . . . . . . . . . . . . .
 8 . . . . . . . . . . . . . . . . . . .
 7 . . . . . . . . . . . . . . . . . . .
 6 . . . . . . . . . . . . . . . . . . .
 5 . . . . . . . . . . . . . . . . . . .
 4 . . . . . . . . . . . . . . . . . . .
 3 . . . . . . . . . . . . . . . . . . .
 2 O2. . . . . . . . . . . . . . . . . .
 1 X1. . . . . . . . . . . . . . . . . .
Next player: Black
Rules: {"friendlyPassOk":false,"hasButton":false,"ko":"POSITIONAL","komi":7.5,"scoring":"AREA","suicide":true,"tax":"NONE","whiteHandicapBonus":"0"}
B stones captured: 0
W stones captured: 0

= 

= MoveNum: 2 HASH: 077BF25165DD82BF35408E9C0A7902AE
   A B C D E F G H J K L M N O P Q R S T
19 . . . . . . . . . . . . . . . . . . .
18 . . . . . . . . . . . . . . . . . . .
17 . . . . . . . . . . . . . . . . . . .
16 . . . . . . . . . . . . . . . . . . .
15 . . . . . . . . . . . . . . . . . . .
14 . . . . . . . . . . . . . . . . . . .
13 . . . . . . . . . . . . . . . . . . .
12 . . . . . . . . . . . . . . . . . . .
11 . . . . . . . . . . . . . . . . . . .
10 . . . . . . . . . . . . . . . . . . .
 9 . . . . . . . . . . . . . . . . . . .
 8 . . . . . . . . . . . . . . . . . . .
 7 . . . . . . . . . . . . . . . . . . .
 6 . . . . . . . . . . . . . . . . . . .
 5 . . . . . . . . . . . . . . . . . . .
 4 . . . . . . . . . . . . . . . . . . .
 3 . . . . . . . . . . . . . . . . . . .
 2 O2. . . . . . . . . . . . . . . . . .
 1 X1. . . . . . . . . . . . . . . . . .
Next player: Black
Rules: {"friendlyPassOk":false,"hasButton":false,"ko":"POSITIONAL","komi":7.5,"scoring":"AREA","suicide":true,"tax":"NONE","whiteHandicapBonus":"0"}
B stones captured: 0
W stones captured: 0

