: Running with following config:
cudaUseFP16 = false
cudaUseNHWC = false
forDeterministicTesting = true
logAllRequests = true
logAllResponses = true
logFile = tests/results/analysis/pvvisits_nograph.txt.log
logSearchInfo = true
logTimeStamp = false
maxVisits = 500
nnCacheSizePowerOfTwo = 23
nnMaxBatchSize = 64
nnMutexPoolSizePowerOfTwo = 17
nnRandSeed = analysisTest
nnRandomize = false
numAnalysisThreads = 1
numSearchThreads = 1
openclUseFP16 = false
reportAnalysisWinratesAs = BLACK
rootSymmetryPruning = false
trtUseFP16 = false
useGraphSearch = false

: Analysis Engine starting...
: KataGo v1.13.0
: nnRandSeed0 = analysisTest
: After dedups: nnModelFile0 = tests/models/g170-b6c96-s175395328-d26788732.bin.gz useFP16 false useNHWC false
: Initializing neural net buffer to be size 19 * 19 allowing smaller boards
: Cuda backend thread 0: Found GPU NVIDIA RTX A6000 memory 51041271808 compute capability major 8 minor 6 device 0
: Cuda backend thread 0: Model version 8 useFP16 = false useNHWC = false
: Cuda backend thread 0: Model name: g170-b6c96-s175395328-d26788732
: Loaded config configs/analysis_example.cfg and/or command-line and query overrides
: Loaded model tests/models/g170-b6c96-s175395328-d26788732.bin.gz
: Config override: cudaUseFP16 = false
: Config override: cudaUseNHWC = false
: Config override: forDeterministicTesting = true
: Config override: logAllRequests = true
: Config override: logAllResponses = true
: Config override: logDir = 
: Config override: logFile = tests/results/analysis/pvvisits_nograph.txt.log
: Config override: logSearchInfo = true
: Config override: logTimeStamp = false
: Config override: nnRandSeed = analysisTest
: Config override: nnRandomize = false
: Config override: numAnalysisThreads = 1
: Config override: numSearchThreadsPerAnalysisThread = 1
: Config override: openclUseFP16 = false
: Config override: rootSymmetryPruning = false
: Config override: trtUseFP16 = false
: Config override: useGraphSearch = false
: Analyzing up to 1 positions at a time in parallel
: Started, ready to begin handling requests
: Request: {"id":"pvvisittest","initialStones":[],"moves":[["B","D4"],["W","D5"],["B","C5"],["W","E4"],["B","D3"],["W","C6"],["B","E5"],["W","D6"]],"rules":"tromp-taylor","komi":9,"boardXSize":7,"boardYSize":7,"overrideSettings":{"maxVisits":1000},"includePVVisits":true}
: Request: {"id":"pvvisittest","initialStones":[],"moves":[["B","D4"],["W","D5"],["B","C5"],["W","E4"],["B","D3"],["W","E5"],["B","C6"],["W","E3"],["B","E2"],["W","F2"],["B","D2"],["W","C4"],["B","D6"],["W","B4"]],"rules":"chinese","komi":9,"boardXSize":7,"boardYSize":7,"overrideSettings":{"maxVisits":1000},"includePVVisits":true}
: MoveNum: 8 HASH: 68923BD112145D32565C85CE0EF9CB35
   A B C D E F G
 7 . . . . . . .
 6 . . O1O3. . .
 5 . . X O X2. .
 4 . . . X O . .
 3 . . . X . . .
 2 . . . . . . .
 1 . . . . . . .

koPOSITIONALscoreAREAtaxNONEsui1komi9
Root visits: 1000
New playouts: 1000
NN rows: 822
NN batches: 822
NN avg batch size: 1
PV: E3 F4 F5 F6 F3 C4 B5 B4 B6 B7 B3 A5 C3 A6 E6
Tree:
: T   8.22c W  16.06c S  -4.74c ( +0.7 L  +0.6) N    1000  --  E3 F4 F5 F6 F3 C4 B5
---Black(^)---
E3  : T  15.25c W  21.94c S  -5.02c ( +0.9 L  +0.9) LCB    3.32c P  3.98% WF 514.6 PSV     483 N     488  --  E3 F4 F5 F6 F3 C4 B5 B4
F5  : T   6.81c W  17.36c S  -4.30c ( +0.7 L  +0.6) LCB  -10.71c P 18.75% WF 272.1 PSV     125 N     282  --  F5 B5 B3 F4 G4 C4 C3 F6
F4  : T  -1.60c W   3.37c S  -5.42c ( +0.2 L  +0.2) LCB  -21.95c P 36.13% WF 130.5 PSV     124 N     143  --  F4 C4 C3 B5 B4 F5 E3 E6
E6  : T -19.29c W  -7.96c S  -4.87c ( -0.5 L  -0.7) LCB  -42.96c P 40.37% WF  65.2 PSV      68 N      83  --  E6 E3 E2 F2 C2 F5 F6 F4
B5  : T -87.06c W -72.12c S -14.94c ( -5.4 L  -5.0) LCB -437.06c P  0.44% WF   0.8 PSV       0 N       1  --  B5
B4  : T -101.20c W -82.91c S -18.30c ( -7.0 L  -5.8) LCB -451.20c P  0.08% WF   0.7 PSV       0 N       1  --  B4
B6  : T -83.49c W -69.80c S -13.69c ( -5.5 L  -3.4) LCB -433.49c P  0.07% WF   0.8 PSV       0 N       1  --  B6

: Response: {"id":"pvvisittest","isDuringSearch":false,"moveInfos":[{"lcb":0.567104996,"move":"E3","order":0,"prior":0.0397898182,"pv":["E3","F4","F5","F6","F3","C4","B5","B4","B6","B7","B3","A5","C3","A6","E6"],"pvEdgeVisits":[488,339,329,285,241,135,76,63,45,15,9,6,4,3,1],"pvVisits":[488,339,329,285,241,135,76,63,45,15,9,6,4,3,1],"scoreLead":0.857817564,"scoreMean":0.857817564,"scoreSelfplay":0.906311447,"scoreStdev":6.75932547,"utility":0.152489875,"utilityLcb":0.0332464981,"visits":488,"weight":482.6414613290066,"winrate":0.609691916},{"lcb":0.524190264,"move":"F5","order":1,"prior":0.18750371,"pv":["F5","B5","B3","F4","G4","C4","C3","F6","F3","E6","E3","B4","A4"],"pvEdgeVisits":[282,250,103,83,31,18,15,11,8,7,4,3,1],"pvVisits":[282,250,103,83,31,18,15,11,8,7,4,3,1],"scoreLead":0.557346299,"scoreMean":0.557346299,"scoreSelfplay":0.686932708,"scoreStdev":10.2367976,"utility":0.0681244594,"utilityLcb":-0.107149578,"visits":282,"weight":274.8072724411111,"winrate":0.586788134},{"lcb":0.444154999,"move":"F4","order":2,"prior":0.361343056,"pv":["F4","C4","C3","B5","B4","F5","E3","E6","C5","E4","B6","C4"],"pvEdgeVisits":[143,118,106,100,77,24,15,12,5,4,2,1],"pvVisits":[143,118,106,100,77,24,15,12,5,4,2,1],"scoreLead":0.215456619,"scoreMean":0.215456619,"scoreSelfplay":0.230680535,"scoreStdev":9.52726353,"utility":-0.0159531468,"utilityLcb":-0.21951728,"visits":143,"weight":141.81471185622468,"winrate":0.516856475},{"lcb":0.375694251,"move":"E6","order":3,"prior":0.403681099,"pv":["E6","E3","E2","F2","C2","F5","F6","F4"],"pvEdgeVisits":[83,51,25,22,5,3,2,1],"pvVisits":[83,51,25,22,5,3,2,1],"scoreLead":-0.703649746,"scoreMean":-0.703649746,"scoreSelfplay":-0.482331223,"scoreStdev":15.5931266,"utility":-0.192911059,"utilityLcb":-0.429550568,"visits":83,"weight":82.42654888757451,"winrate":0.460208362},{"lcb":-1.11060376,"move":"B5","order":4,"prior":0.00439723395,"pv":["B5"],"pvEdgeVisits":[1],"pvVisits":[1],"scoreLead":-4.95396185,"scoreMean":-4.95396185,"scoreSelfplay":-5.44648409,"scoreStdev":10.5671071,"utility":-0.870644001,"utilityLcb":-4.37064402,"visits":1,"weight":1.0,"winrate":0.139396243},{"lcb":-1.16454727,"move":"B4","order":5,"prior":0.000787151512,"pv":["B4"],"pvEdgeVisits":[1],"pvVisits":[1],"scoreLead":-5.81449413,"scoreMean":-5.81449413,"scoreSelfplay":-6.96907425,"scoreStdev":9.32004386,"utility":-1.0120462,"utilityLcb":-4.51204622,"visits":1,"weight":1.0,"winrate":0.0854527354},{"lcb":-1.09901954,"move":"B6","order":6,"prior":0.000691668538,"pv":["B6"],"pvEdgeVisits":[1],"pvVisits":[1],"scoreLead":-3.44325447,"scoreMean":-3.44325447,"scoreSelfplay":-5.49600983,"scoreStdev":12.4498331,"utility":-0.834932505,"utilityLcb":-4.33493252,"visits":1,"weight":1.0,"winrate":0.150980465}],"rootInfo":{"currentPlayer":"B","rawStScoreError":-1.0,"rawStWrError":-0.5,"rawVarTimeLeft":-1.0,"scoreLead":0.581012582,"scoreSelfplay":0.653824994,"scoreStdev":8.88383757,"symHash":"10155F672C0B5682E08EB339027AD849","thisHash":"E2B811FEE059E65F93697CB1DE35B543","utility":0.084530127,"visits":1000,"weight":985.6899945139169,"winrate":0.57929939},"turnNumber":8}
: MoveNum: 14 HASH: B56076090A467FAA5A715507E32E1149
   A B C D E F G
 7 . . . . . . .
 6 . . X X2. . .
 5 . . X O O . .
 4 . O3O1X O . .
 3 . . . X O . .
 2 . . . X X O .
 1 . . . . . . .

koSIMPLEscoreAREAtaxNONEsui0whbNfpok1komi9
Root visits: 1000
New playouts: 1000
NN rows: 1686
NN batches: 1686
NN avg batch size: 1
PV: C3 E6 F1 B5 B6 D7 A6 F3 C7 E7 A4 G2 E1 G1 A5 pass B3 pass pass
Tree:
: T  29.02c W  30.33c S  -2.12c ( +1.0 L  +0.9) N    1000  --  C3 E6 F1 B5 B6 D7 A6
---Black(^)---
C3  : T  34.42c W  35.00c S  -1.65c ( +1.3 L  +1.2) LCB   26.96c P  8.84% WF 862.2 PSV     824 N     827  --  C3 E6 F1 B5 B6 D7 A6 F3
B2  : T  10.14c W  12.50c S  -3.05c ( +0.5 L  +0.5) LCB  -26.92c P 15.34% WF  65.5 PSV      33 N      77  --  B2 E6 B5 D7 C7 E7 F1 A6
F1  : T   5.83c W  10.08c S  -1.75c ( +0.7 L  +0.8) LCB  -21.66c P 14.65% WF  40.1 PSV      27 N      48  --  F1 E6 B5 B2 F3 F4 G2 D7
E6  : T -39.78c W -30.54c S  -8.67c ( -4.3 L  -4.5) LCB  -88.99c P 21.29% WF  12.7 PSV      15 N      21  --  E6 C3 C2 B2 B1
B3  : T -101.23c W -62.87c S -19.45c (-13.4 L -12.0) LCB -142.30c P 26.12% WF   6.2 PSV      10 N      13  --  B3 C3 C2 B2 B1 A3 B5
B5  : T -68.64c W -50.71c S -10.25c ( -5.8 L  -5.4) LCB -101.44c P 11.99% WF   5.3 PSV       6 N       9  --  B5 B2 C2 B3 F1 F3
F3  : T -58.21c W -48.57c S  -9.65c ( -4.4 L  -3.7) LCB -408.21c P  1.27% WF   0.8 PSV       0 N       1  --  F3
F6  : T -92.30c W -74.86c S -17.44c (-11.6 L  -9.7) LCB -442.30c P  0.17% WF   0.7 PSV       0 N       1  --  F6
G2  : T -68.13c W -56.41c S -11.72c ( -6.1 L  -5.0) LCB -418.13c P  0.11% WF   0.7 PSV       0 N       1  --  G2
C2  : T -75.65c W -63.34c S -12.31c ( -6.0 L  -5.0) LCB -425.65c P  0.06% WF   0.7 PSV       0 N       1  --  C2

: Response: {"id":"pvvisittest","isDuringSearch":false,"moveInfos":[{"lcb":0.648355209,"move":"C3","order":0,"prior":0.0883528665,"pv":["C3","E6","F1","B5","B6","D7","A6","F3","C7","E7","A4","G2","E1","G1","A5","pass"],"pvEdgeVisits":[827,578,548,444,441,171,118,97,88,75,28,22,19,16,6,5],"pvVisits":[827,578,548,444,441,171,118,97,88,75,28,22,19,16,6,5],"scoreLead":1.17490017,"scoreMean":1.17490017,"scoreSelfplay":1.26750943,"scoreStdev":9.04074727,"utility":0.344172433,"utilityLcb":0.269609855,"visits":827,"weight":823.9280890299005,"winrate":0.674984701},{"lcb":0.430138805,"move":"B2","order":1,"prior":0.153434619,"pv":["B2","E6","B5","D7","C7","E7","F1","A6","A4","A5"],"pvEdgeVisits":[77,63,60,32,27,18,12,5,2,1],"pvVisits":[77,63,60,32,27,18,12,5,2,1],"scoreLead":0.486383145,"scoreMean":0.486383145,"scoreSelfplay":0.471707167,"scoreStdev":10.2380155,"utility":0.10140032,"utilityLcb":-0.269192549,"visits":77,"weight":77.0,"winrate":0.562493401},{"lcb":0.452170468,"move":"F1","order":2,"prior":0.146502122,"pv":["F1","E6","B5","B2","F3","F4","G2","D7","A4","A3"],"pvEdgeVisits":[48,25,22,19,14,12,9,8,2,1],"pvVisits":[48,25,22,19,14,12,9,8,2,1],"scoreLead":0.771436908,"scoreMean":0.771436908,"scoreSelfplay":0.722523895,"scoreStdev":16.9337371,"utility":0.0583473338,"utilityLcb":-0.216646225,"visits":48,"weight":48.0,"winrate":0.550382454},{"lcb":0.171550021,"move":"E6","order":3,"prior":0.212886944,"pv":["E6","C3","C2","B2","B1"],"pvEdgeVisits":[21,8,3,2,1],"pvVisits":[21,8,3,2,1],"scoreLead":-4.46895347,"scoreMean":-4.46895347,"scoreSelfplay":-4.33254535,"scoreStdev":16.8395825,"utility":-0.397762224,"utilityLcb":-0.889892329,"visits":21,"weight":20.031197316640792,"winrate":0.347310773},{"lcb":0.0389752759,"move":"B3","order":4,"prior":0.261169076,"pv":["B3","C3","C2","B2","B1","A3","B5"],"pvEdgeVisits":[13,12,7,6,3,2,1],"pvVisits":[13,12,7,6,3,2,1],"scoreLead":-11.950394,"scoreMean":-11.950394,"scoreSelfplay":-13.3876849,"scoreStdev":16.8376667,"utility":-1.01231776,"utilityLcb":-1.42296878,"visits":13,"weight":13.0,"winrate":0.185636356},{"lcb":0.129299783,"move":"B5","order":5,"prior":0.119903609,"pv":["B5","B2","C2","B3","F1","F3"],"pvEdgeVisits":[9,8,5,4,2,1],"pvVisits":[9,8,5,4,2,1],"scoreLead":-5.44202693,"scoreMean":-5.44202693,"scoreSelfplay":-5.77003905,"scoreStdev":17.5461566,"utility":-0.686407215,"utilityLcb":-1.01442545,"visits":9,"weight":9.0,"winrate":0.246449154},{"lcb":-0.992835081,"move":"F3","order":6,"prior":0.0126994969,"pv":["F3"],"pvEdgeVisits":[1],"pvVisits":[1],"scoreLead":-3.74213624,"scoreMean":-3.74213624,"scoreSelfplay":-4.39467239,"scoreStdev":14.6443034,"utility":-0.582139054,"utilityLcb":-4.08213907,"visits":1,"weight":1.0,"winrate":0.257164925},{"lcb":-1.12430918,"move":"F6","order":7,"prior":0.0017052358,"pv":["F6"],"pvEdgeVisits":[1],"pvVisits":[1],"scoreLead":-9.68535519,"scoreMean":-9.68535519,"scoreSelfplay":-11.6348562,"scoreStdev":17.0774297,"utility":-0.922978962,"utilityLcb":-4.42297898,"visits":1,"weight":1.0,"winrate":0.125690825},{"lcb":-1.03206649,"move":"G2","order":8,"prior":0.00111480814,"pv":["G2"],"pvEdgeVisits":[1],"pvVisits":[1],"scoreLead":-5.01870155,"scoreMean":-5.01870155,"scoreSelfplay":-6.06047058,"scoreStdev":15.185776,"utility":-0.681311284,"utilityLcb":-4.1813113,"visits":1,"weight":1.0,"winrate":0.217933513},{"lcb":-1.06669333,"move":"C2","order":9,"prior":0.000553055143,"pv":["C2"],"pvEdgeVisits":[1],"pvVisits":[1],"scoreLead":-4.95952082,"scoreMean":-4.95952082,"scoreSelfplay":-6.00005293,"scoreStdev":13.9286185,"utility":-0.756500945,"utilityLcb":-4.25650096,"visits":1,"weight":1.0,"winrate":0.183306672}],"rootInfo":{"currentPlayer":"B","rawStScoreError":-1.0,"rawStWrError":-0.5,"rawVarTimeLeft":-1.0,"scoreLead":0.859895036,"scoreSelfplay":0.926933731,"scoreStdev":9.9383787,"symHash":"0CAA03496D1088226717248B65E75E44","thisHash":"3F4A5C26F80BC4C79F44AC7833E26F3F","utility":0.29333026,"visits":1000,"weight":995.9592863465414,"winrate":0.65375014},"turnNumber":14}
: tests/models/g170-b6c96-s175395328-d26788732.bin.gz
: NN rows: 1686
: NN batches: 1686
: NN avg batch size: 1
: GPU -1 finishing, processed 1686 rows 1686 batches
: All cleaned up, quitting
