{"field":"overrideSettings","id":"badoverride","warning":"Unknown config params: sldjfslkjf"}
{"id":"badoverride","isDuringSearch":false,"moveInfos":[{"lcb":0.483876375,"move":"Q3","order":0,"prior":0.0898557156,"pv":["Q3","R16","D3","D17"],"resultUtility":-0.00292400381,"scoreLead":0.248598331,"scoreMean":0.248598331,"scoreSelfplay":0.231689013,"scoreStdev":30.5223907,"selectionProb":0.305590836,"selectionValue":16.9778656,"utility":0.00460193255,"utilityLcb":-0.0446378237,"visits":12,"weight":12.0,"winrate":0.501462002},{"lcb":0.477710029,"move":"Q17","order":1,"prior":0.0873482302,"pv":["Q17","D3","C16","Q3","E16"],"resultUtility":0.000300674047,"scoreLead":0.269106529,"scoreMean":0.269106529,"scoreSelfplay":0.270519019,"scoreStdev":30.5411115,"selectionProb":0.128280166,"selectionValue":11.0,"utility":0.00715224785,"utilityLcb":-0.0548387276,"visits":11,"weight":11.0,"winrate":0.499849663},{"lcb":0.472943465,"move":"D3","order":2,"prior":0.0843160674,"pv":["D3","R16","C16","Q3","E16"],"resultUtility":-0.00143596358,"scoreLead":0.288764599,"scoreMean":0.288764599,"scoreSelfplay":0.240564421,"scoreStdev":30.5163006,"selectionProb":0.106016666,"selectionValue":10.0,"utility":0.00269070035,"utilityLcb":-0.0750779465,"visits":10,"weight":10.0,"winrate":0.500717982},{"lcb":0.473545872,"move":"R16","order":3,"prior":0.0734456331,"pv":["R16","Q3","C4","D17"],"resultUtility":-0.000946533389,"scoreLead":0.145623778,"scoreMean":0.145623778,"scoreSelfplay":0.163073917,"scoreStdev":30.5746648,"selectionProb":0.106016666,"selectionValue":10.0,"utility":0.00804151622,"utilityLcb":-0.0673551902,"visits":10,"weight":10.0,"winrate":0.500473267},{"lcb":0.470464216,"move":"C4","order":4,"prior":0.086034216,"pv":["C4","R16","C16","Q3","E16"],"resultUtility":0.00628880936,"scoreLead":0.0998255064,"scoreMean":0.0998255064,"scoreSelfplay":0.0564901222,"scoreStdev":30.4859769,"selectionProb":0.0858734997,"selectionValue":9.0,"utility":-0.0017231931,"utilityLcb":-0.0756190546,"visits":10,"weight":10.0,"winrate":0.496855595},{"lcb":0.466306813,"move":"C16","order":5,"prior":0.082149066,"pv":["C16","R16","D3","Q3","E16"],"resultUtility":0.00103801837,"scoreLead":0.160949019,"scoreMean":0.160949019,"scoreSelfplay":0.170047649,"scoreStdev":30.5319283,"selectionProb":0.0858734997,"selectionValue":9.0,"utility":0.00485360325,"utilityLcb":-0.088034094,"visits":9,"weight":9.0,"winrate":0.499480991},{"lcb":0.457094631,"move":"R4","order":6,"prior":0.0889987797,"pv":["R4","R16","D3","D17"],"resultUtility":0.00509030915,"scoreLead":0.0683567121,"scoreMean":0.0683567121,"scoreSelfplay":-0.0439456432,"scoreStdev":30.5792765,"selectionProb":0.0678506664,"selectionValue":8.0,"utility":-0.0044742252,"utilityLcb":-0.117482825,"visits":8,"weight":8.0,"winrate":0.497454845},{"lcb":0.419762905,"move":"D17","order":7,"prior":0.0799881965,"pv":["D17","D3","Q3","Q17","Q5"],"resultUtility":0.0154940751,"scoreLead":-0.0399732815,"scoreMean":-0.0399732815,"scoreSelfplay":-0.103483763,"scoreStdev":30.6028946,"selectionProb":0.0381659999,"selectionValue":6.0,"utility":-0.0110254546,"utilityLcb":-0.213997615,"visits":6,"weight":6.0,"winrate":0.492252962},{"lcb":0.422458316,"move":"Q4","order":8,"prior":0.0582813174,"pv":["Q4","R16","D3","D17"],"resultUtility":0.015264244,"scoreLead":0.0261765959,"scoreMean":0.0261765959,"scoreSelfplay":-0.142191004,"scoreStdev":30.5512573,"selectionProb":0.0265041666,"selectionValue":5.0,"utility":-0.00919708901,"utilityLcb":-0.204943862,"visits":6,"weight":6.0,"winrate":0.492367878},{"lcb":0.396818363,"move":"D4","order":9,"prior":0.0466842875,"pv":["D4","R16","C16"],"resultUtility":0.00612414348,"scoreLead":-0.0475970066,"scoreMean":-0.0475970066,"scoreSelfplay":-0.106806282,"scoreStdev":30.7067496,"selectionProb":0.0265041666,"selectionValue":5.0,"utility":0.00239694235,"utilityLcb":-0.277937841,"visits":5,"weight":5.0,"winrate":0.496937928},{"lcb":0.387036498,"move":"D16","order":10,"prior":0.0466221087,"pv":["D16","D3","Q17","Q3"],"resultUtility":0.0223410203,"scoreLead":-0.190857963,"scoreMean":-0.190857963,"scoreSelfplay":-0.319075194,"scoreStdev":30.6024603,"selectionProb":0.00954149996,"selectionValue":3.0,"utility":-0.0118601734,"utilityLcb":-0.296880549,"visits":5,"weight":5.0,"winrate":0.48882949},{"lcb":0.338129367,"move":"Q16","order":11,"prior":0.0390467197,"pv":["Q16","D3","D17"],"resultUtility":0.0153946315,"scoreLead":-0.119253183,"scoreMean":-0.119253183,"scoreSelfplay":-0.204626532,"scoreStdev":30.6883878,"selectionProb":0.00954149996,"selectionValue":3.0,"utility":-0.00614373591,"utilityLcb":-0.437829025,"visits":4,"weight":4.0,"winrate":0.492302684},{"lcb":0.229640739,"move":"C3","order":12,"prior":0.0324412882,"pv":["C3","R16","C16"],"resultUtility":0.0113410552,"scoreLead":-0.664291049,"scoreMean":-0.664291049,"scoreSelfplay":-0.483069718,"scoreStdev":30.7822067,"selectionProb":0.00424066665,"selectionValue":2.0,"utility":-0.0139643066,"utilityLcb":-0.755092761,"visits":3,"weight":3.0,"winrate":0.494329472}],"rootInfo":{"currentPlayer":"B","rawStScoreError":-1.0,"rawStWrError":-0.5,"rawVarTimeLeft":-1.0,"scoreLead":0.1121465,"scoreSelfplay":0.0699747314,"scoreStdev":30.5698449,"symHash":"47E1EBDAE69A5DED3FF8DB1FA4E91845","thisHash":"47E1EBDAE69A5DED3FF8DB1FA4E91845","utility":-4.83761537e-05,"visits":100,"weight":100.0,"winrate":0.497650216},"turnNumber":0}
