: Running with following config:
cudaUseFP16 = false
cudaUseNHWC = false
forDeterministicTesting = true
logAllRequests = true
logAllResponses = true
logFile = tests/results/analysis/badoverride.txt.log
logSearchInfo = true
logTimeStamp = false
maxPlayouts = 10000
maxVisits = 100
nnCacheSizePowerOfTwo = 23
nnMaxBatchSize = 64
nnMutexPoolSizePowerOfTwo = 17
nnRandSeed = analysisTest
nnRandomize = false
numAnalysisThreads = 1
numSearchThreads = 1
openclUseFP16 = false
reportAnalysisWinratesAs = BLACK
rootSymmetryPruning = false
trtUseFP16 = false

: Analysis Engine starting...
: KataGo v1.13.0
: nnRandSeed0 = analysisTest
: After dedups: nnModelFile0 = tests/models/g170-b6c96-s175395328-d26788732.bin.gz useFP16 false useNHWC false
: Initializing neural net buffer to be size 19 * 19 allowing smaller boards
: Cuda backend thread 0: Found GPU NVIDIA RTX A6000 memory 51041271808 compute capability major 8 minor 6
: Cuda backend thread 0: Model version 8 useFP16 = false useNHWC = false
: Cuda backend thread 0: Model name: g170-b6c96-s175395328-d26788732
: Loaded config configs/analysis_example.cfg and/or command-line and query overrides
: Loaded model tests/models/g170-b6c96-s175395328-d26788732.bin.gz
: Config override: cudaUseFP16 = false
: Config override: cudaUseNHWC = false
: Config override: forDeterministicTesting = true
: Config override: logAllRequests = true
: Config override: logAllResponses = true
: Config override: logDir = 
: Config override: logFile = tests/results/analysis/badoverride.txt.log
: Config override: logSearchInfo = true
: Config override: logTimeStamp = false
: Config override: maxPlayouts = 10000
: Config override: maxVisits = 100
: Config override: nnRandSeed = analysisTest
: Config override: nnRandomize = false
: Config override: numAnalysisThreads = 1
: Config override: numSearchThreadsPerAnalysisThread = 1
: Config override: openclUseFP16 = false
: Config override: rootSymmetryPruning = false
: Config override: trtUseFP16 = false
: Analyzing up to 1 positions at a time in parallel
: Started, ready to begin handling requests
: Request: {"id":"badoverride","initialStones":[],"moves":[],"rules":"tromp-taylor","komi":7.5,"boardXSize":19,"boardYSize":19,"overrideSettings":{"sldjfslkjf":1234}}
: Warning: {"field":"overrideSettings","id":"badoverride","warning":"Unknown config params: sldjfslkjf"}
: Response: {"field":"overrideSettings","id":"badoverride","warning":"Unknown config params: sldjfslkjf"}
: MoveNum: 0 HASH: CDCBC1F514D7E680FACD226074256633
   A B C D E F G H J K L M N O P Q R S T
19 . . . . . . . . . . . . . . . . . . .
18 . . . . . . . . . . . . . . . . . . .
17 . . . . . . . . . . . . . . . . . . .
16 . . . . . . . . . . . . . . . . . . .
15 . . . . . . . . . . . . . . . . . . .
14 . . . . . . . . . . . . . . . . . . .
13 . . . . . . . . . . . . . . . . . . .
12 . . . . . . . . . . . . . . . . . . .
11 . . . . . . . . . . . . . . . . . . .
10 . . . . . . . . . . . . . . . . . . .
 9 . . . . . . . . . . . . . . . . . . .
 8 . . . . . . . . . . . . . . . . . . .
 7 . . . . . . . . . . . . . . . . . . .
 6 . . . . . . . . . . . . . . . . . . .
 5 . . . . . . . . . . . . . . . . . . .
 4 . . . . . . . . . . . . . . . . . . .
 3 . . . . . . . . . . . . . . . . . . .
 2 . . . . . . . . . . . . . . . . . . .
 1 . . . . . . . . . . . . . . . . . . .

koPOSITIONALscoreAREAtaxNONEsui1komi7.5
Root visits: 100
New playouts: 100
NN rows: 90
NN batches: 90
NN avg batch size: 1
PV: Q3 R16 D3 D17
Tree:
: T  -0.06c W  -0.53c S   0.26c ( +0.1 L  +0.1) N     100  --  Q3 R16 D3 D17
---Black(^)---
Q3  : T   0.46c W   0.29c S   0.38c ( +0.2 L  +0.2) LCB   -4.46c P  8.99% WF  12.0 PSV      17 N      12  --  Q3 R16 D3 D17
Q17 : T   0.72c W  -0.03c S   0.41c ( +0.3 L  +0.3) LCB   -5.48c P  8.73% WF  11.0 PSV      11 N      11  --  Q17 D3 C16 Q3 E16
D3  : T   0.27c W   0.14c S   0.39c ( +0.2 L  +0.3) LCB   -7.51c P  8.43% WF  10.0 PSV      10 N      10  --  D3 R16 C16 Q3 E16
R16 : T   0.80c W   0.09c S   0.33c ( +0.2 L  +0.1) LCB   -6.74c P  7.34% WF  10.0 PSV      10 N      10  --  R16 Q3 C4 D17
C4  : T  -0.17c W  -0.63c S   0.26c ( +0.1 L  +0.1) LCB   -7.56c P  8.60% WF  10.0 PSV       9 N      10  --  C4 R16 C16 Q3 E16
C16 : T   0.49c W  -0.10c S   0.34c ( +0.2 L  +0.2) LCB   -8.80c P  8.21% WF   9.0 PSV       9 N       9  --  C16 R16 D3 Q3 E16
R4  : T  -0.45c W  -0.51c S   0.19c ( -0.0 L  +0.1) LCB  -11.75c P  8.90% WF   8.0 PSV       8 N       8  --  R4 R16 D3 D17
D17 : T  -1.10c W  -1.55c S   0.15c ( -0.1 L  -0.0) LCB  -21.40c P  8.00% WF   6.0 PSV       6 N       6  --  D17 D3 Q3 Q17 Q5
Q4  : T  -0.92c W  -1.53c S   0.13c ( -0.1 L  +0.0) LCB  -20.49c P  5.83% WF   6.0 PSV       5 N       6  --  Q4 R16 D3 D17
D4  : T   0.24c W  -0.61c S   0.15c ( -0.1 L  -0.0) LCB  -27.79c P  4.67% WF   5.0 PSV       5 N       5  --  D4 R16 C16

: Response: {"id":"badoverride","isDuringSearch":false,"moveInfos":[{"lcb":0.483876375,"move":"Q3","order":0,"prior":0.0898557156,"pv":["Q3","R16","D3","D17"],"scoreLead":0.248598331,"scoreMean":0.248598331,"scoreSelfplay":0.231689013,"scoreStdev":30.5223907,"utility":0.00460193255,"utilityLcb":-0.0446378237,"visits":12,"weight":12.0,"winrate":0.501462002},{"lcb":0.477710029,"move":"Q17","order":1,"prior":0.0873482302,"pv":["Q17","D3","C16","Q3","E16"],"scoreLead":0.269106529,"scoreMean":0.269106529,"scoreSelfplay":0.270519019,"scoreStdev":30.5411115,"utility":0.00715224785,"utilityLcb":-0.0548387276,"visits":11,"weight":11.0,"winrate":0.499849663},{"lcb":0.472943465,"move":"D3","order":2,"prior":0.0843160674,"pv":["D3","R16","C16","Q3","E16"],"scoreLead":0.288764599,"scoreMean":0.288764599,"scoreSelfplay":0.240564421,"scoreStdev":30.5163006,"utility":0.00269070035,"utilityLcb":-0.0750779465,"visits":10,"weight":10.0,"winrate":0.500717982},{"lcb":0.473545872,"move":"R16","order":3,"prior":0.0734456331,"pv":["R16","Q3","C4","D17"],"scoreLead":0.145623778,"scoreMean":0.145623778,"scoreSelfplay":0.163073917,"scoreStdev":30.5746648,"utility":0.00804151622,"utilityLcb":-0.0673551902,"visits":10,"weight":10.0,"winrate":0.500473267},{"lcb":0.470464216,"move":"C4","order":4,"prior":0.086034216,"pv":["C4","R16","C16","Q3","E16"],"scoreLead":0.0998255064,"scoreMean":0.0998255064,"scoreSelfplay":0.0564901222,"scoreStdev":30.4859769,"utility":-0.0017231931,"utilityLcb":-0.0756190546,"visits":10,"weight":10.0,"winrate":0.496855595},{"lcb":0.466306813,"move":"C16","order":5,"prior":0.082149066,"pv":["C16","R16","D3","Q3","E16"],"scoreLead":0.160949019,"scoreMean":0.160949019,"scoreSelfplay":0.170047649,"scoreStdev":30.5319283,"utility":0.00485360325,"utilityLcb":-0.088034094,"visits":9,"weight":9.0,"winrate":0.499480991},{"lcb":0.457094631,"move":"R4","order":6,"prior":0.0889987797,"pv":["R4","R16","D3","D17"],"scoreLead":0.0683567121,"scoreMean":0.0683567121,"scoreSelfplay":-0.0439456432,"scoreStdev":30.5792765,"utility":-0.0044742252,"utilityLcb":-0.117482825,"visits":8,"weight":8.0,"winrate":0.497454845},{"lcb":0.419762905,"move":"D17","order":7,"prior":0.0799881965,"pv":["D17","D3","Q3","Q17","Q5"],"scoreLead":-0.0399732815,"scoreMean":-0.0399732815,"scoreSelfplay":-0.103483763,"scoreStdev":30.6028946,"utility":-0.0110254546,"utilityLcb":-0.213997615,"visits":6,"weight":6.0,"winrate":0.492252962},{"lcb":0.422458316,"move":"Q4","order":8,"prior":0.0582813174,"pv":["Q4","R16","D3","D17"],"scoreLead":0.0261765959,"scoreMean":0.0261765959,"scoreSelfplay":-0.142191004,"scoreStdev":30.5512573,"utility":-0.00919708901,"utilityLcb":-0.204943862,"visits":6,"weight":6.0,"winrate":0.492367878},{"lcb":0.396818363,"move":"D4","order":9,"prior":0.0466842875,"pv":["D4","R16","C16"],"scoreLead":-0.0475970066,"scoreMean":-0.0475970066,"scoreSelfplay":-0.106806282,"scoreStdev":30.7067496,"utility":0.00239694235,"utilityLcb":-0.277937841,"visits":5,"weight":5.0,"winrate":0.496937928},{"lcb":0.387036498,"move":"D16","order":10,"prior":0.0466221087,"pv":["D16","D3","Q17","Q3"],"scoreLead":-0.190857963,"scoreMean":-0.190857963,"scoreSelfplay":-0.319075194,"scoreStdev":30.6024603,"utility":-0.0118601734,"utilityLcb":-0.296880549,"visits":5,"weight":5.0,"winrate":0.48882949},{"lcb":0.338129367,"move":"Q16","order":11,"prior":0.0390467197,"pv":["Q16","D3","D17"],"scoreLead":-0.119253183,"scoreMean":-0.119253183,"scoreSelfplay":-0.204626532,"scoreStdev":30.6883878,"utility":-0.00614373591,"utilityLcb":-0.437829025,"visits":4,"weight":4.0,"winrate":0.492302684},{"lcb":0.229640739,"move":"C3","order":12,"prior":0.0324412882,"pv":["C3","R16","C16"],"scoreLead":-0.664291049,"scoreMean":-0.664291049,"scoreSelfplay":-0.483069718,"scoreStdev":30.7822067,"utility":-0.0139643066,"utilityLcb":-0.755092761,"visits":3,"weight":3.0,"winrate":0.494329472}],"rootInfo":{"currentPlayer":"B","rawStScoreError":-1.0,"rawStWrError":-0.5,"rawVarTimeLeft":-1.0,"scoreLead":0.1121465,"scoreSelfplay":0.0699747314,"scoreStdev":30.5698449,"symHash":"47E1EBDAE69A5DED3FF8DB1FA4E91845","thisHash":"47E1EBDAE69A5DED3FF8DB1FA4E91845","utility":-4.83761537e-05,"visits":100,"weight":100.0,"winrate":0.497650216},"turnNumber":0}
: tests/models/g170-b6c96-s175395328-d26788732.bin.gz
: NN rows: 90
: NN batches: 90
: NN avg batch size: 1
: GPU -1 finishing, processed 90 rows 90 batches
: All cleaned up, quitting
