: Running with following config:
cudaUseFP16 = false
cudaUseNHWC = false
forDeterministicTesting = true
logAllRequests = true
logAllResponses = true
logFile = tests/results/analysis/basic_sidetomove.txt.log
logSearchInfo = true
logTimeStamp = false
maxPlayouts = 10000
maxVisits = 100
nnCacheSizePowerOfTwo = 23
nnMaxBatchSize = 64
nnMutexPoolSizePowerOfTwo = 17
nnRandSeed = analysisTest
nnRandomize = false
numAnalysisThreads = 1
numSearchThreads = 1
openclUseFP16 = false
reportAnalysisWinratesAs = SIDETOMOVE
rootSymmetryPruning = false
trtUseFP16 = false

: Analysis Engine starting...
: KataGo v1.13.0
: nnRandSeed0 = analysisTest
: After dedups: nnModelFile0 = tests/models/g170-b6c96-s175395328-d26788732.bin.gz useFP16 false useNHWC false
: Initializing neural net buffer to be size 19 * 19 allowing smaller boards
: Cuda backend thread 0: Found GPU NVIDIA RTX A6000 memory 51041271808 compute capability major 8 minor 6
: Cuda backend thread 0: Model version 8 useFP16 = false useNHWC = false
: Cuda backend thread 0: Model name: g170-b6c96-s175395328-d26788732
: Loaded config configs/analysis_example.cfg and/or command-line and query overrides
: Loaded model tests/models/g170-b6c96-s175395328-d26788732.bin.gz
: Config override: cudaUseFP16 = false
: Config override: cudaUseNHWC = false
: Config override: forDeterministicTesting = true
: Config override: logAllRequests = true
: Config override: logAllResponses = true
: Config override: logDir = 
: Config override: logFile = tests/results/analysis/basic_sidetomove.txt.log
: Config override: logSearchInfo = true
: Config override: logTimeStamp = false
: Config override: maxPlayouts = 10000
: Config override: maxVisits = 100
: Config override: nnRandSeed = analysisTest
: Config override: nnRandomize = false
: Config override: numAnalysisThreads = 1
: Config override: numSearchThreadsPerAnalysisThread = 1
: Config override: openclUseFP16 = false
: Config override: reportAnalysisWinratesAs = SIDETOMOVE
: Config override: rootSymmetryPruning = false
: Config override: trtUseFP16 = false
: Analyzing up to 1 positions at a time in parallel
: Started, ready to begin handling requests
: Request: {"id":"foo","initialStones":[["B","Q4"],["B","C4"]],"moves":[["W","P5"],["B","P6"]],"rules":"tromp-taylor","komi":7.5,"boardXSize":19,"boardYSize":19,"analyzeTurns":[2],"overrideSettings":{"maxVisits":10}}
: Request: {"id":"foo","initialStones":[],"moves":[["W","C5"],["B","C6"]],"rules":"tromp-taylor","komi":4,"boardXSize":7,"boardYSize":7,"overrideSettings":{"maxVisits":10},"includeOwnership":true,"includePolicy":true}
: Request: {"id":"foo","initialStones":[],"moves":[["W","C5"],["B","C6"],["W","C7"]],"rules":"tromp-taylor","komi":4,"boardXSize":7,"boardYSize":7,"overrideSettings":{"maxVisits":10},"includeOwnership":true,"includePolicy":true}
: Request: {"id":"foo","initialStones":[],"moves":[["W","C5"],["B","C6"],["W","C7"]],"rules":"tromp-taylor","komi":4,"boardXSize":7,"boardYSize":7,"overrideSettings":{"maxVisits":20},"includeOwnership":true,"includeOwnershipStdev":true,"includePolicy":true}
: MoveNum: 2 HASH: 29EDDA3CC5189C1F08CBD809E4157047
   A B C D E F G H J K L M N O P Q R S T
19 . . . . . . . . . . . . . . . . . . .
18 . . . . . . . . . . . . . . . . . . .
17 . . . . . . . . . . . . . . . . . . .
16 . . . . . . . . . . . . . . . . . . .
15 . . . . . . . . . . . . . . . . . . .
14 . . . . . . . . . . . . . . . . . . .
13 . . . . . . . . . . . . . . . . . . .
12 . . . . . . . . . . . . . . . . . . .
11 . . . . . . . . . . . . . . . . . . .
10 . . . . . . . . . . . . . . . . . . .
 9 . . . . . . . . . . . . . . . . . . .
 8 . . . . . . . . . . . . . . . . . . .
 7 . . . . . . . . . . . . . . . . . . .
 6 . . . . . . . . . . . . . . X2. . . .
 5 . . . . . . . . . . . . . . O1. . . .
 4 . . X . . . . . . . . . . . . X . . .
 3 . . . . . . . . . . . . . . . . . . .
 2 . . . . . . . . . . . . . . . . . . .
 1 . . . . . . . . . . . . . . . . . . .

koPOSITIONALscoreAREAtaxNONEsui1komi7.5
Root visits: 10
New playouts: 10
NN rows: 10
NN batches: 10
NN avg batch size: 1
PV: Q5 R4 P4 P3 O3 P2 R5
Tree:
: T -18.75c W -18.99c S  -0.98c ( -6.4 L  -6.1) N      10  --  Q5 R4 P4 P3 O3 P2 R5
---White(^)---
Q5  : T -17.87c W -18.33c S  -0.89c ( -6.3 L  -5.9) LCB  -29.16c P 80.78% WF   9.0 PSV       9 N       9  --  Q5 R4 P4 P3 O3 P2 R5

: Response: {"id":"foo","isDuringSearch":false,"moveInfos":[{"lcb":0.368040117,"move":"Q5","order":0,"prior":0.807795942,"pv":["Q5","R4","P4","P3","O3","P2","R5"],"scoreLead":-5.92951803,"scoreMean":-5.92951803,"scoreSelfplay":-6.2730991,"scoreStdev":30.9340375,"utility":-0.178746871,"utilityLcb":-0.291607998,"visits":9,"weight":9.0,"winrate":0.408347662}],"rootInfo":{"currentPlayer":"W","rawStScoreError":-1.0,"rawStWrError":-0.5,"rawVarTimeLeft":-1.0,"scoreLead":-6.0507765,"scoreSelfplay":-6.39825167,"scoreStdev":31.0046709,"symHash":"215BAF8265F4950EC41771439410160F","thisHash":"FA2C1B0E252C40AF31EB9DEC2CCCCD34","utility":-0.187540569,"visits":10,"weight":10.0,"winrate":0.405036648},"turnNumber":2}
: MoveNum: 2 HASH: FACB00E9D9004B23F7292DCF3F13D71D
   A B C D E F G
 7 . . . . . . .
 6 . . X2. . . .
 5 . . O1. . . .
 4 . . . . . . .
 3 . . . . . . .
 2 . . . . . . .
 1 . . . . . . .

koPOSITIONALscoreAREAtaxNONEsui1komi4
Root visits: 10
New playouts: 10
NN rows: 20
NN batches: 20
NN avg batch size: 1
PV: D5 D3 E3
Tree:
: T  94.16c W  98.38c S  -3.41c (+21.1 L +12.2) N      10  --  D5 D3 E3
---White(^)---
D5  : T  89.62c W  98.23c S  -7.17c (+18.9 L +11.2) LCB   66.67c P 74.14% WF   6.0 PSV       6 N       6  --  D5 D3 E3
D4  : T  96.24c W  98.38c S  -2.74c (+21.7 L +12.7) LCB   20.42c P 21.25% WF   3.0 PSV       2 N       3  --  D4 E5

: Response: {"id":"foo","isDuringSearch":false,"moveInfos":[{"lcb":0.909195855,"move":"D5","order":0,"prior":0.741374552,"pv":["D5","D3","E3"],"scoreLead":11.2180462,"scoreMean":11.2180462,"scoreSelfplay":18.8983742,"scoreStdev":10.2210307,"utility":0.896171306,"utilityLcb":0.666702705,"visits":6,"weight":6.0,"winrate":0.991148927},{"lcb":0.721145196,"move":"D4","order":1,"prior":0.212469727,"pv":["D4","E5"],"scoreLead":12.6506912,"scoreMean":12.6506912,"scoreSelfplay":21.6509061,"scoreStdev":10.4659218,"utility":0.962391684,"utilityLcb":0.204219262,"visits":3,"weight":3.0,"winrate":0.991921061}],"ownership":[0.370024,0.473988,0.395606,0.391034,0.339878,0.249153,0.196955,0.419182,0.426886,0.274,0.475117,0.419744,0.3018,0.185135,0.340534,0.480082,0.884741,0.699235,0.34879,0.281372,0.179946,0.360702,0.464968,0.43326,0.438396,0.448845,0.206816,0.146553,0.24276,0.233888,0.368605,-0.159275,0.121884,0.093056,0.073614,0.142484,0.090118,-0.024514,-0.085324,-0.030288,-0.058526,-0.036788,0.03782,-0.020915,-0.06989,-0.092328,-0.10329,-0.124949,-0.100925],"policy":[2.03795171e-05,3.48418616e-05,3.15952857e-05,2.99472667e-05,3.42653984e-05,5.18300731e-05,3.58210345e-05,3.17731356e-05,0.000456402515,-1.0,0.00604267279,8.28759003e-05,6.72830429e-05,5.29320751e-05,3.09759635e-05,0.000109546316,-1.0,0.741374552,0.00976151787,9.50875692e-05,4.48289757e-05,3.29627364e-05,0.000213302861,0.00245050574,0.212469727,0.0220179167,8.88458962e-05,4.55156114e-05,4.10193061e-05,6.14698365e-05,0.000488463265,0.0026106576,0.000278509164,5.95838392e-05,3.73147159e-05,3.58900725e-05,6.1134444e-05,8.38853666e-05,6.79923251e-05,6.31430084e-05,6.10048555e-05,4.04378916e-05,3.60087288e-05,4.20941724e-05,4.28527055e-05,4.0646366e-05,3.94247872e-05,4.3475764e-05,3.23079184e-05,2.49041077e-05],"rootInfo":{"currentPlayer":"W","rawStScoreError":-1.0,"rawStWrError":-0.5,"rawVarTimeLeft":-1.0,"scoreLead":12.0889433,"scoreSelfplay":21.0138659,"scoreStdev":11.0665006,"symHash":"142D62B902727ED7A147F45224109E72","thisHash":"290AC1DB39349793CE09682AF7CA6A6E","utility":0.938930225,"visits":10,"weight":10.0,"winrate":0.991875652},"turnNumber":2}
: MoveNum: 3 HASH: 1ACE111AC9EBF428362D9F3D03459891
   A B C D E F G
 7 . . O3. . . .
 6 . . X2. . . .
 5 . . O1. . . .
 4 . . . . . . .
 3 . . . . . . .
 2 . . . . . . .
 1 . . . . . . .

koPOSITIONALscoreAREAtaxNONEsui1komi4
Root visits: 10
New playouts: 10
NN rows: 30
NN batches: 30
NN avg batch size: 1
PV: D5 D6 D4 B6
Tree:
: T -56.64c W -45.30c S  -4.00c ( -3.7 L  -2.4) N      10  --  D5 D6 D4 B6
---Black(^)---
D5  : T -49.84c W -39.11c S  -2.86c ( -3.1 L  -1.8) LCB  -88.66c P 63.93% WF   6.2 PSV       6 N       6  --  D5 D6 D4 B6
D4  : T -76.23c W -57.76c S  -5.59c ( -4.6 L  -3.0) LCB -233.17c P 14.59% WF   1.9 PSV       0 N       2  --  D4 D5
D6  : T -98.34c W -86.65c S -11.69c ( -8.4 L  -6.1) LCB -448.34c P 18.15% WF   0.9 PSV       0 N       1  --  D6

: Response: {"id":"foo","isDuringSearch":false,"moveInfos":[{"lcb":0.165806381,"move":"D5","order":0,"prior":0.639254212,"pv":["D5","D6","D4","B6"],"scoreLead":-1.81743088,"scoreMean":-1.81743088,"scoreSelfplay":-3.06542018,"scoreStdev":12.8311671,"utility":-0.498408503,"utilityLcb":-0.886559332,"visits":6,"weight":6.0,"winrate":0.304431677},{"lcb":-0.349287979,"move":"D4","order":1,"prior":0.145864546,"pv":["D4","D5"],"scoreLead":-3.03451359,"scoreMean":-3.03451359,"scoreSelfplay":-4.62124968,"scoreStdev":12.3741976,"utility":-0.762298279,"utilityLcb":-2.33165123,"visits":2,"weight":2.0,"winrate":0.211195219},{"lcb":-1.1832394,"move":"D6","order":2,"prior":0.181513712,"pv":["D6"],"scoreLead":-6.1061372799999996,"scoreMean":-6.1061372799999996,"scoreSelfplay":-8.38636971,"scoreStdev":12.5066911,"utility":-0.983384762,"utilityLcb":-4.48338478,"visits":1,"weight":1.0,"winrate":0.0667606033}],"ownership":[-0.217919,-0.345082,-0.344754,-0.20977,0.013488,-0.021649,0.095387,-0.319307,-0.271412,-0.134909,-0.267512,0.110737,0.019904,0.083251,-0.254614,-0.336015,-0.651337,0.570468,0.062973,0.146308,0.108125,-0.147804,-0.104763,0.107166,0.218961,0.189635,0.222418,0.121567,-0.070174,-0.014859,0.098666,0.164936,0.158903,0.187818,0.144946,-0.01749,0.00736,0.089544,0.156851,0.127468,0.137669,0.133932,0.03347,0.053792,0.060557,0.084606,0.095505,0.149746,0.164463],"policy":[6.62468665e-05,0.00381371682,-1.0,0.00026267019,0.000128535874,0.000164134966,0.000137826952,0.000168316328,0.00125938735,-1.0,0.181513712,0.00033573882,0.000174486646,0.000171768697,8.58240528e-05,0.00143513002,-1.0,0.639254212,0.0056905048,0.000204447599,0.00013980527,0.000100510108,0.000149914806,0.00321676815,0.145864546,0.00596445054,0.000165202844,0.00014274432,0.000113061957,0.000205928518,0.000697777607,0.00532307569,0.000635602162,0.0001978051,0.00013032851,0.000146966835,0.000142358083,0.000194903594,0.000155234578,0.000184467324,0.000155468209,0.000139062759,0.000145500147,0.000145979662,0.000113440408,0.000122667683,0.000122260317,0.000129072301,0.000129168722,5.91419775e-05],"rootInfo":{"currentPlayer":"B","rawStScoreError":-1.0,"rawStWrError":-0.5,"rawVarTimeLeft":-1.0,"scoreLead":-1.8326152,"scoreSelfplay":-2.92743253,"scoreStdev":12.9338534,"symHash":"478E9637C4E9D7DD298C5EDA99EA7431","thisHash":"90E43B353BA64F45F3186642D389E6E7","utility":-0.461082191,"visits":10,"weight":10.0,"winrate":0.316286302},"turnNumber":3}
: MoveNum: 3 HASH: 1ACE111AC9EBF428362D9F3D03459891
   A B C D E F G
 7 . . O3. . . .
 6 . . X2. . . .
 5 . . O1. . . .
 4 . . . . . . .
 3 . . . . . . .
 2 . . . . . . .
 1 . . . . . . .

koPOSITIONALscoreAREAtaxNONEsui1komi4
Root visits: 20
New playouts: 20
NN rows: 40
NN batches: 40
NN avg batch size: 1
PV: D5 D4 C4 B5 E4
Tree:
: T -45.69c W -39.28c S  -2.97c ( -3.1 L  -2.1) N      20  --  D5 D4 C4 B5 E4
---Black(^)---
D5  : T -40.85c W -35.74c S  -2.34c ( -2.8 L  -1.8) LCB  -71.95c P 63.93% WF  16.3 PSV      16 N      16  --  D5 D4 C4 B5 E4
D4  : T -76.23c W -57.76c S  -5.59c ( -4.6 L  -3.0) LCB -233.17c P 14.59% WF   1.8 PSV       1 N       2  --  D4 D5
D6  : T -98.34c W -86.65c S -11.69c ( -8.4 L  -6.1) LCB -448.34c P 18.15% WF   0.9 PSV       0 N       1  --  D6

: Response: {"id":"foo","isDuringSearch":false,"moveInfos":[{"lcb":0.210197955,"move":"D5","order":0,"prior":0.639254212,"pv":["D5","D4","C4","B5","E4"],"scoreLead":-1.7534443,"scoreMean":-1.7534443,"scoreSelfplay":-2.76603451,"scoreStdev":13.0026281,"utility":-0.408476488,"utilityLcb":-0.719525727,"visits":16,"weight":16.0,"winrate":0.321286969},{"lcb":-0.349287979,"move":"D4","order":1,"prior":0.145864546,"pv":["D4","D5"],"scoreLead":-3.03451359,"scoreMean":-3.03451359,"scoreSelfplay":-4.62124968,"scoreStdev":12.3741976,"utility":-0.762298279,"utilityLcb":-2.33165123,"visits":2,"weight":2.0,"winrate":0.211195219},{"lcb":-1.1832394,"move":"D6","order":2,"prior":0.181513712,"pv":["D6"],"scoreLead":-6.1061372799999996,"scoreMean":-6.1061372799999996,"scoreSelfplay":-8.38636971,"scoreStdev":12.5066911,"utility":-0.983384762,"utilityLcb":-4.48338478,"visits":1,"weight":1.0,"winrate":0.0667606033}],"ownership":[-0.014763,-0.124407,-0.165168,-0.037305,0.098102,0.037498,0.10332,-0.136749,0.07744,0.157664,-0.080924,0.153639,0.108854,0.077575,-0.112544,-0.280498,-0.468085,0.720155,0.268699,0.136978,0.084775,-0.08533,-0.047071,0.047804,-0.174638,0.105053,0.16942,0.08504,-0.047971,-0.067278,-0.010926,-0.068267,0.058795,0.084489,0.095053,-0.014109,-0.006533,-0.022848,0.049381,0.031238,0.094512,0.086882,0.000646,0.013979,0.008731,0.026018,0.043489,0.081103,0.105649],"ownershipStdev":[0.360217,0.314061,0.311115,0.312839,0.292561,0.269654,0.231617,0.323488,0.449636,0.431878,0.454403,0.283152,0.297755,0.24484,0.268541,0.295887,0.351292,0.244038,0.257722,0.213508,0.174485,0.210327,0.231881,0.372135,0.597079,0.24631,0.177929,0.181446,0.187407,0.228127,0.247051,0.296328,0.178971,0.212217,0.173865,0.142615,0.172573,0.173819,0.167863,0.183596,0.175565,0.151991,0.114629,0.149242,0.133415,0.131557,0.127854,0.155823,0.1278],"policy":[6.62468665e-05,0.00381371682,-1.0,0.00026267019,0.000128535874,0.000164134966,0.000137826952,0.000168316328,0.00125938735,-1.0,0.181513712,0.00033573882,0.000174486646,0.000171768697,8.58240528e-05,0.00143513002,-1.0,0.639254212,0.0056905048,0.000204447599,0.00013980527,0.000100510108,0.000149914806,0.00321676815,0.145864546,0.00596445054,0.000165202844,0.00014274432,0.000113061957,0.000205928518,0.000697777607,0.00532307569,0.000635602162,0.0001978051,0.00013032851,0.000146966835,0.000142358083,0.000194903594,0.000155234578,0.000184467324,0.000155468209,0.000139062759,0.000145500147,0.000145979662,0.000113440408,0.000122667683,0.000122260317,0.000129072301,0.000129168722,5.91419775e-05],"rootInfo":{"currentPlayer":"B","rawStScoreError":-1.0,"rawStWrError":-0.5,"rawVarTimeLeft":-1.0,"scoreLead":-1.83407464,"scoreSelfplay":-2.83207269,"scoreStdev":13.0050864,"symHash":"478E9637C4E9D7DD298C5EDA99EA7431","thisHash":"90E43B353BA64F45F3186642D389E6E7","utility":-0.41861369,"visits":20,"weight":20.0,"winrate":0.318844487},"turnNumber":3}
: tests/models/g170-b6c96-s175395328-d26788732.bin.gz
: NN rows: 40
: NN batches: 40
: NN avg batch size: 1
: GPU -1 finishing, processed 40 rows 40 batches
: All cleaned up, quitting
