: Running with following config:
cudaUseFP16 = false
cudaUseNHWC = false
forDeterministicTesting = true
logAllRequests = true
logAllResponses = true
logFile = tests/results/analysis/pvvisits.txt.log
logSearchInfo = true
logTimeStamp = false
maxPlayouts = 10000
maxVisits = 100
nnCacheSizePowerOfTwo = 23
nnMaxBatchSize = 64
nnMutexPoolSizePowerOfTwo = 17
nnRandSeed = analysisTest
nnRandomize = false
numAnalysisThreads = 1
numSearchThreads = 1
openclUseFP16 = false
reportAnalysisWinratesAs = BLACK
rootSymmetryPruning = false
trtUseFP16 = false

: Analysis Engine starting...
: KataGo v1.13.0
: nnRandSeed0 = analysisTest
: After dedups: nnModelFile0 = tests/models/g170-b6c96-s175395328-d26788732.bin.gz useFP16 false useNHWC false
: Initializing neural net buffer to be size 19 * 19 allowing smaller boards
: Cuda backend thread 0: Found GPU NVIDIA RTX A6000 memory 51041271808 compute capability major 8 minor 6
: Cuda backend thread 0: Model version 8 useFP16 = false useNHWC = false
: Cuda backend thread 0: Model name: g170-b6c96-s175395328-d26788732
: Loaded config configs/analysis_example.cfg and/or command-line and query overrides
: Loaded model tests/models/g170-b6c96-s175395328-d26788732.bin.gz
: Config override: cudaUseFP16 = false
: Config override: cudaUseNHWC = false
: Config override: forDeterministicTesting = true
: Config override: logAllRequests = true
: Config override: logAllResponses = true
: Config override: logDir = 
: Config override: logFile = tests/results/analysis/pvvisits.txt.log
: Config override: logSearchInfo = true
: Config override: logTimeStamp = false
: Config override: maxPlayouts = 10000
: Config override: maxVisits = 100
: Config override: nnRandSeed = analysisTest
: Config override: nnRandomize = false
: Config override: numAnalysisThreads = 1
: Config override: numSearchThreadsPerAnalysisThread = 1
: Config override: openclUseFP16 = false
: Config override: rootSymmetryPruning = false
: Config override: trtUseFP16 = false
: Analyzing up to 1 positions at a time in parallel
: Started, ready to begin handling requests
: Request: {"id":"pvvisittest","initialStones":[],"moves":[["B","D4"],["W","D5"],["B","C5"],["W","E4"],["B","D3"],["W","C6"],["B","E5"],["W","D6"]],"rules":"tromp-taylor","komi":9,"boardXSize":7,"boardYSize":7,"overrideSettings":{"maxVisits":1000},"includePVVisits":true}
: Request: {"id":"pvvisittest","initialStones":[],"moves":[["B","D4"],["W","D5"],["B","C5"],["W","E4"],["B","D3"],["W","E5"],["B","C6"],["W","E3"],["B","E2"],["W","F2"],["B","D2"],["W","C4"],["B","D6"],["W","B4"]],"rules":"chinese","komi":9,"boardXSize":7,"boardYSize":7,"overrideSettings":{"maxVisits":1000},"includePVVisits":true}
: MoveNum: 8 HASH: 68923BD112145D32565C85CE0EF9CB35
   A B C D E F G
 7 . . . . . . .
 6 . . O1O3. . .
 5 . . X O X2. .
 4 . . . X O . .
 3 . . . X . . .
 2 . . . . . . .
 1 . . . . . . .

koPOSITIONALscoreAREAtaxNONEsui1komi9
Root visits: 1000
New playouts: 1000
NN rows: 860
NN batches: 860
NN avg batch size: 1
PV: E3 F4 F5 F6 F3 C4 B5 B4 B3 B6 C3 A5 E6 E7 G4 A3 A2 A4 B1 F7
Tree:
: T   3.81c W  12.31c S  -4.91c ( +0.5 L  +0.5) N    1000  --  E3 F4 F5 F6 F3 C4 B5
---Black(^)---
E3  : T  11.27c W  18.27c S  -5.40c ( +0.8 L  +0.7) LCB   -0.29c P  3.98% WF 521.2 PSV     486 N     501  --  E3 F4 F5 F6 F3 C4 B5 B4
F5  : T   3.93c W  13.99c S  -4.02c ( +0.7 L  +0.6) LCB  -14.25c P 18.75% WF 261.2 PSV     145 N     260  --  F5 B5 C4 B4 B3 E3 D2 E2
F4  : T -11.11c W  -1.95c S  -6.07c ( -0.1 L  -0.1) LCB  -32.18c P 36.13% WF 127.8 PSV      95 N     146  --  F4 C4 C3 B5 B4 F5 E3 E6
E6  : T -22.27c W  -9.88c S  -5.10c ( -0.6 L  -0.8) LCB  -44.77c P 40.37% WF  71.1 PSV      72 N      89  --  E6 E3 E2 F2 B5 B6 D2 F5
B5  : T -87.06c W -72.12c S -14.94c ( -5.4 L  -5.0) LCB -437.06c P  0.44% WF   0.8 PSV       0 N       1  --  B5
B4  : T -101.20c W -82.91c S -18.30c ( -7.0 L  -5.8) LCB -451.20c P  0.08% WF   0.7 PSV       0 N       1  --  B4
B6  : T -83.49c W -69.80c S -13.69c ( -5.5 L  -3.4) LCB -433.49c P  0.07% WF   0.8 PSV       0 N       1  --  B6

: Response: {"id":"pvvisittest","isDuringSearch":false,"moveInfos":[{"lcb":0.550073188,"move":"E3","order":0,"prior":0.0397898182,"pv":["E3","F4","F5","F6","F3","C4","B5","B4","B3","B6","C3","A5","E6","E7","G4","A3"],"pvEdgeVisits":[501,341,331,295,262,167,116,102,36,14,10,9,13,12,10,9],"pvVisits":[501,341,331,295,262,167,116,102,36,14,10,15,13,12,10,9],"scoreLead":0.727054998,"scoreMean":0.727054998,"scoreSelfplay":0.767866577,"scoreStdev":6.63931026,"utility":0.112668614,"utilityLcb":-0.00286120816,"visits":501,"weight":486.19663749964667,"winrate":0.591333839},{"lcb":0.505056348,"move":"F5","order":1,"prior":0.18750371,"pv":["F5","B5","C4","B4","B3","E3","D2","E2","F2","B2","E1","C2","F3"],"pvEdgeVisits":[260,227,134,94,84,73,63,39,16,9,4,2,1],"pvVisits":[260,227,134,94,84,73,63,39,16,9,4,2,1],"scoreLead":0.576046395,"scoreMean":0.576046395,"scoreSelfplay":0.704911421,"scoreStdev":11.1433361,"utility":0.0392741566,"utilityLcb":-0.14247914,"visits":260,"weight":259.5575635529757,"winrate":0.569968239},{"lcb":0.415005721,"move":"F4","order":2,"prior":0.361343056,"pv":["F4","C4","C3","B5","B4","F5","E3","E6","C5","E4","B6","C4","E5"],"pvEdgeVisits":[146,121,108,103,78,32,19,16,6,5,3,2,1],"pvVisits":[146,121,108,103,78,32,19,16,6,5,3,2,1],"scoreLead":-0.119258103,"scoreMean":-0.119258103,"scoreSelfplay":-0.125941616,"scoreStdev":9.67756693,"utility":-0.111081208,"utilityLcb":-0.321783473,"visits":146,"weight":146.0,"winrate":0.49025653},{"lcb":0.370236931,"move":"E6","order":3,"prior":0.403681099,"pv":["E6","E3","E2","F2","B5","B6","D2","F5","F6"],"pvEdgeVisits":[89,57,30,27,5,3,3,2,1],"pvVisits":[89,57,30,27,5,6,3,2,1],"scoreLead":-0.841365265,"scoreMean":-0.841365265,"scoreSelfplay":-0.643457534,"scoreStdev":15.606272,"utility":-0.222693572,"utilityLcb":-0.447662167,"visits":89,"weight":88.87337987628432,"winrate":0.450582858},{"lcb":-1.11060376,"move":"B5","order":4,"prior":0.00439723395,"pv":["B5"],"pvEdgeVisits":[1],"pvVisits":[1],"scoreLead":-4.95396185,"scoreMean":-4.95396185,"scoreSelfplay":-5.44648409,"scoreStdev":10.5671071,"utility":-0.870644001,"utilityLcb":-4.37064402,"visits":1,"weight":1.0,"winrate":0.139396243},{"lcb":-1.16454727,"move":"B4","order":5,"prior":0.000787151512,"pv":["B4"],"pvEdgeVisits":[1],"pvVisits":[1],"scoreLead":-5.81449413,"scoreMean":-5.81449413,"scoreSelfplay":-6.96907425,"scoreStdev":9.32004386,"utility":-1.0120462,"utilityLcb":-4.51204622,"visits":1,"weight":1.0,"winrate":0.0854527354},{"lcb":-1.09901954,"move":"B6","order":6,"prior":0.000691668538,"pv":["B6"],"pvEdgeVisits":[1],"pvVisits":[1],"scoreLead":-3.44325447,"scoreMean":-3.44325447,"scoreSelfplay":-5.49600983,"scoreStdev":12.4498331,"utility":-0.834932505,"utilityLcb":-4.33493252,"visits":1,"weight":1.0,"winrate":0.150980465}],"rootInfo":{"currentPlayer":"B","rawStScoreError":-1.0,"rawStWrError":-0.5,"rawVarTimeLeft":-1.0,"scoreLead":0.460134967,"scoreSelfplay":0.52757526,"scoreStdev":9.09794322,"symHash":"10155F672C0B5682E08EB339027AD849","thisHash":"E2B811FEE059E65F93697CB1DE35B543","utility":0.0432286293,"visits":1000,"weight":984.6275809289067,"winrate":0.563042759},"turnNumber":8}
: MoveNum: 14 HASH: B56076090A467FAA5A715507E32E1149
   A B C D E F G
 7 . . . . . . .
 6 . . X X2. . .
 5 . . X O O . .
 4 . O3O1X O . .
 3 . . . X O . .
 2 . . . X X O .
 1 . . . . . . .

koSIMPLEscoreAREAtaxNONEsui0whbNfpok1komi9
Root visits: 1000
New playouts: 1000
NN rows: 1749
NN batches: 1749
NN avg batch size: 1
PV: C3 E6 F1 B5 B6 D7 A6 F3 C7 E7 A4 G2 E1 G1 B3 pass A5 pass pass
Tree:
: T  29.82c W  31.01c S  -1.90c ( +1.1 L  +1.0) N    1000  --  C3 E6 F1 B5 B6 D7 A6
---Black(^)---
C3  : T  35.62c W  35.82c S  -1.35c ( +1.4 L  +1.3) LCB   28.37c P  8.84% WF 860.2 PSV     818 N     824  --  C3 E6 F1 B5 B6 D7 A6 F3
F1  : T   6.75c W  12.26c S  -1.71c ( +0.8 L  +0.8) LCB  -23.67c P 14.65% WF  40.2 PSV      27 N      48  --  F1 E6 B5 B2 F3 F4 G2 D7
B2  : T   4.90c W   9.54c S  -3.67c ( +0.1 L  +0.2) LCB  -32.46c P 15.34% WF  65.2 PSV      26 N      81  --  B2 E6 B5 D7 C7 E7 F1 A6
E6  : T -40.34c W -30.57c S  -8.68c ( -4.3 L  -4.5) LCB  -90.04c P 21.29% WF  12.6 PSV      15 N      21  --  E6 C3 C2 B2 B1
B3  : T -101.44c W -62.87c S -19.46c (-13.4 L -12.0) LCB -142.58c P 26.12% WF   6.2 PSV      10 N      13  --  B3 C3 C2 B2 B1 A3 B5
B5  : T -69.80c W -50.74c S -10.26c ( -5.8 L  -5.4) LCB -101.40c P 11.99% WF   5.3 PSV       6 N       9  --  B5 B2 C2 B3 F1 F3
F3  : T -58.21c W -48.57c S  -9.65c ( -4.4 L  -3.7) LCB -408.21c P  1.27% WF   0.8 PSV       0 N       1  --  F3
F6  : T -92.30c W -74.86c S -17.44c (-11.6 L  -9.7) LCB -442.30c P  0.17% WF   0.7 PSV       0 N       1  --  F6
G2  : T -68.13c W -56.41c S -11.72c ( -6.1 L  -5.0) LCB -418.13c P  0.11% WF   0.7 PSV       0 N       1  --  G2

: Response: {"id":"pvvisittest","isDuringSearch":false,"moveInfos":[{"lcb":0.6532144,"move":"C3","order":0,"prior":0.0883528665,"pv":["C3","E6","F1","B5","B6","D7","A6","F3","C7","E7","A4","G2","E1","G1","B3","pass"],"pvEdgeVisits":[824,574,545,392,390,126,90,74,68,57,18,13,10,8,6,5],"pvVisits":[824,574,545,392,390,126,90,74,68,57,18,13,10,8,6,5],"scoreLead":1.30283431,"scoreMean":1.30283431,"scoreSelfplay":1.39129267,"scoreStdev":9.41687138,"utility":0.356217785,"utilityLcb":0.283737627,"visits":824,"weight":817.9103294792071,"winrate":0.67910017},{"lcb":0.452662327,"move":"F1","order":1,"prior":0.146502122,"pv":["F1","E6","B5","B2","F3","F4","G2","D7","B3","C3"],"pvEdgeVisits":[48,21,20,17,12,10,7,6,2,1],"pvVisits":[48,21,20,17,12,10,7,6,2,1],"scoreLead":0.838665024,"scoreMean":0.838665024,"scoreSelfplay":0.763611875,"scoreStdev":16.7579622,"utility":0.0675364649,"utilityLcb":-0.236668506,"visits":48,"weight":48.0,"winrate":0.56130696},{"lcb":0.414281236,"move":"B2","order":2,"prior":0.153434619,"pv":["B2","E6","B5","D7","C7","E7","F1","A6","A4","A5"],"pvEdgeVisits":[81,67,64,36,30,21,15,7,2,1],"pvVisits":[81,67,64,36,30,21,15,7,2,1],"scoreLead":0.201299202,"scoreMean":0.201299202,"scoreSelfplay":0.143572409,"scoreStdev":10.3080071,"utility":0.0489555739,"utilityLcb":-0.324582448,"visits":81,"weight":80.98491871335744,"winrate":0.547687673},{"lcb":0.169652835,"move":"E6","order":3,"prior":0.212886944,"pv":["E6","C3","C2","B2","B1"],"pvEdgeVisits":[21,8,3,2,1],"pvVisits":[21,8,3,2,1],"scoreLead":-4.47455444,"scoreMean":-4.47455444,"scoreSelfplay":-4.3378457,"scoreStdev":16.8394235,"utility":-0.403449043,"utilityLcb":-0.900388295,"visits":21,"weight":20.02078412566148,"winrate":0.347131139},{"lcb":0.0386987397,"move":"B3","order":4,"prior":0.261169076,"pv":["B3","C3","C2","B2","B1","A3","B5"],"pvEdgeVisits":[13,12,7,6,3,2,1],"pvVisits":[13,12,7,6,3,2,1],"scoreLead":-11.9518765,"scoreMean":-11.9518765,"scoreSelfplay":-13.3886009,"scoreStdev":16.8377641,"utility":-1.014409,"utilityLcb":-1.42584424,"visits":13,"weight":13.0,"winrate":0.185639899},{"lcb":0.133452475,"move":"B5","order":5,"prior":0.119903609,"pv":["B5","B2","C2","B3","F1","F3"],"pvEdgeVisits":[9,8,5,4,2,1],"pvVisits":[9,8,5,4,2,1],"scoreLead":-5.44694438,"scoreMean":-5.44694438,"scoreSelfplay":-5.77505655,"scoreStdev":17.5407855,"utility":-0.698030803,"utilityLcb":-1.01395148,"visits":9,"weight":9.0,"winrate":0.246281289},{"lcb":-0.992835081,"move":"F3","order":6,"prior":0.0126994969,"pv":["F3"],"pvEdgeVisits":[1],"pvVisits":[1],"scoreLead":-3.74213624,"scoreMean":-3.74213624,"scoreSelfplay":-4.39467239,"scoreStdev":14.6443034,"utility":-0.582139054,"utilityLcb":-4.08213907,"visits":1,"weight":1.0,"winrate":0.257164925},{"lcb":-1.12430918,"move":"F6","order":7,"prior":0.0017052358,"pv":["F6"],"pvEdgeVisits":[1],"pvVisits":[1],"scoreLead":-9.68535519,"scoreMean":-9.68535519,"scoreSelfplay":-11.6348562,"scoreStdev":17.0774297,"utility":-0.922978962,"utilityLcb":-4.42297898,"visits":1,"weight":1.0,"winrate":0.125690825},{"lcb":-1.03206649,"move":"G2","order":8,"prior":0.00111480814,"pv":["G2"],"pvEdgeVisits":[1],"pvVisits":[1],"scoreLead":-5.01870155,"scoreMean":-5.01870155,"scoreSelfplay":-6.06047058,"scoreStdev":15.185776,"utility":-0.681311284,"utilityLcb":-4.1813113,"visits":1,"weight":1.0,"winrate":0.217933513}],"rootInfo":{"currentPlayer":"B","rawStScoreError":-1.0,"rawStWrError":-0.5,"rawVarTimeLeft":-1.0,"scoreLead":0.970240699,"scoreSelfplay":1.0319716,"scoreStdev":10.2508351,"symHash":"0CAA03496D1088226717248B65E75E44","thisHash":"3F4A5C26F80BC4C79F44AC7833E26F3F","utility":0.303960506,"visits":1000,"weight":992.916032318226,"winrate":0.657940417},"turnNumber":14}
: tests/models/g170-b6c96-s175395328-d26788732.bin.gz
: NN rows: 1749
: NN batches: 1749
: NN avg batch size: 1
: GPU -1 finishing, processed 1749 rows 1749 batches
: All cleaned up, quitting
