: Running with following config:
cudaUseFP16 = false
cudaUseNHWC = false
forDeterministicTesting = true
logAllRequests = true
logAllResponses = true
logFile = tests/results/analysis/symmetry.txt.log
logSearchInfo = true
logTimeStamp = false
maxPlayouts = 10000
maxVisits = 100
nnCacheSizePowerOfTwo = 23
nnMaxBatchSize = 64
nnMutexPoolSizePowerOfTwo = 17
nnRandSeed = analysisTest
nnRandomize = false
numAnalysisThreads = 1
numSearchThreads = 1
openclUseFP16 = false
reportAnalysisWinratesAs = BLACK
rootSymmetryPruning = false
trtUseFP16 = false

: Analysis Engine starting...
: KataGo v1.13.0
: nnRandSeed0 = analysisTest
: After dedups: nnModelFile0 = tests/models/g170-b6c96-s175395328-d26788732.bin.gz useFP16 false useNHWC false
: Initializing neural net buffer to be size 19 * 19 allowing smaller boards
: Cuda backend thread 0: Found GPU NVIDIA RTX A6000 memory 51041271808 compute capability major 8 minor 6
: Cuda backend thread 0: Model version 8 useFP16 = false useNHWC = false
: Cuda backend thread 0: Model name: g170-b6c96-s175395328-d26788732
: Loaded config configs/analysis_example.cfg and/or command-line and query overrides
: Loaded model tests/models/g170-b6c96-s175395328-d26788732.bin.gz
: Config override: cudaUseFP16 = false
: Config override: cudaUseNHWC = false
: Config override: forDeterministicTesting = true
: Config override: logAllRequests = true
: Config override: logAllResponses = true
: Config override: logDir = 
: Config override: logFile = tests/results/analysis/symmetry.txt.log
: Config override: logSearchInfo = true
: Config override: logTimeStamp = false
: Config override: maxPlayouts = 10000
: Config override: maxVisits = 100
: Config override: nnRandSeed = analysisTest
: Config override: nnRandomize = false
: Config override: numAnalysisThreads = 1
: Config override: numSearchThreadsPerAnalysisThread = 1
: Config override: openclUseFP16 = false
: Config override: rootSymmetryPruning = false
: Config override: trtUseFP16 = false
: Analyzing up to 1 positions at a time in parallel
: Started, ready to begin handling requests
: Request: {"id":"empty","initialStones":[],"moves":[],"rules":"tromp-taylor","komi":7.5,"boardXSize":19,"boardYSize":19,"overrideSettings":{"maxVisits":10}}
: Request: {"id":"diag","initialStones":[],"moves":[["B","D4"]],"rules":"tromp-taylor","komi":7.5,"boardXSize":19,"boardYSize":19,"overrideSettings":{"maxVisits":10}}
: Request: {"id":"nosym","initialStones":[],"moves":[["B","D3"]],"rules":"tromp-taylor","komi":7.5,"boardXSize":19,"boardYSize":19,"overrideSettings":{"maxVisits":10}}
: Request: {"id":"rect","initialStones":[],"moves":[],"rules":"tromp-taylor","komi":7.5,"boardXSize":13,"boardYSize":7,"overrideSettings":{"maxVisits":10},"includeMovesOwnership":true,"includeOwnership":true}
: Request: {"id":"rect2","initialStones":[],"moves":[],"rules":"tromp-taylor","komi":7.5,"boardXSize":7,"boardYSize":13,"overrideSettings":{"maxVisits":10},"includeMovesOwnership":true,"includeOwnership":true}
: Request: {"id":"rect3","initialStones":[],"moves":[],"rules":"tromp-taylor","komi":7.5,"boardXSize":7,"boardYSize":13,"overrideSettings":{"maxVisits":20},"includeMovesOwnership":true,"includeOwnership":true}
: Request: {"id":"rect4","initialStones":[],"moves":[],"rules":"tromp-taylor","komi":7.5,"boardXSize":7,"boardYSize":13,"overrideSettings":{"maxVisits":20},"includeMovesOwnershipStdev":true,"includeOwnershipStdev":true}
: MoveNum: 0 HASH: CDCBC1F514D7E680FACD226074256633
   A B C D E F G H J K L M N O P Q R S T
19 . . . . . . . . . . . . . . . . . . .
18 . . . . . . . . . . . . . . . . . . .
17 . . . . . . . . . . . . . . . . . . .
16 . . . . . . . . . . . . . . . . . . .
15 . . . . . . . . . . . . . . . . . . .
14 . . . . . . . . . . . . . . . . . . .
13 . . . . . . . . . . . . . . . . . . .
12 . . . . . . . . . . . . . . . . . . .
11 . . . . . . . . . . . . . . . . . . .
10 . . . . . . . . . . . . . . . . . . .
 9 . . . . . . . . . . . . . . . . . . .
 8 . . . . . . . . . . . . . . . . . . .
 7 . . . . . . . . . . . . . . . . . . .
 6 . . . . . . . . . . . . . . . . . . .
 5 . . . . . . . . . . . . . . . . . . .
 4 . . . . . . . . . . . . . . . . . . .
 3 . . . . . . . . . . . . . . . . . . .
 2 . . . . . . . . . . . . . . . . . . .
 1 . . . . . . . . . . . . . . . . . . .

koPOSITIONALscoreAREAtaxNONEsui1komi7.5
Root visits: 10
New playouts: 10
NN rows: 10
NN batches: 10
NN avg batch size: 1
PV: Q3 R16 D3 D17
Tree:
: T  -0.32c W  -0.59c S   0.19c ( -0.0 L  +0.1) N      10  --  Q3 R16 D3 D17
---Black(^)---
Q3  : T   0.88c W   0.32c S   0.36c ( +0.2 L  +0.3) LCB  -42.29c P  8.99% WF   4.0 PSV       5 N       4  --  Q3 R16 D3 D17
R4  : T  -1.31c W  -1.33c S   0.02c ( -0.3 L  -0.2) LCB -150.64c P  8.90% WF   2.0 PSV       2 N       2  --  R4 R16
Q17 : T  -1.36c W  -1.41c S   0.05c ( -0.3 L  -0.1) LCB -150.59c P  8.73% WF   2.0 PSV       2 N       2  --  Q17 D3
C4  : T   4.13c W   3.68c S   0.45c ( +0.3 L  +0.0) LCB -345.87c P  8.60% WF   1.0 PSV       1 N       1  --  C4

: Response: {"id":"empty","isDuringSearch":false,"moveInfos":[{"lcb":0.347450522,"move":"Q3","order":0,"prior":0.0898557156,"pv":["Q3","R16","D3","D17"],"scoreLead":0.311065316,"scoreMean":0.311065316,"scoreSelfplay":0.195377283,"scoreStdev":30.6144487,"utility":0.00875332725,"utilityLcb":-0.422897091,"visits":4,"weight":4.0,"winrate":0.501611385},{"lcb":-0.0399795548,"move":"R4","order":1,"prior":0.0889987797,"pv":["R4","R16"],"scoreLead":-0.163119741,"scoreMean":-0.163119741,"scoreSelfplay":-0.295241401,"scoreStdev":30.7555535,"utility":-0.0130618883,"utilityLcb":-1.50641775,"visits":2,"weight":2.0,"winrate":0.493361823},{"lcb":-0.0400270745,"move":"Q17","order":2,"prior":0.0873482302,"pv":["Q17","D3"],"scoreLead":-0.107858852,"scoreMean":-0.107858852,"scoreSelfplay":-0.256168768,"scoreStdev":30.8642696,"utility":-0.0136229321,"utilityLcb":-1.50593604,"visits":2,"weight":2.0,"winrate":0.492941894},{"lcb":-0.731588415,"move":"C4","order":3,"prior":0.086034216,"pv":["C4"],"scoreLead":0.0166499801,"scoreMean":0.0166499801,"scoreSelfplay":0.343886614,"scoreStdev":31.2257772,"utility":0.041331592,"utilityLcb":-3.45866843,"visits":1,"weight":1.0,"winrate":0.518411592}],"rootInfo":{"currentPlayer":"B","rawStScoreError":-1.0,"rawStWrError":-0.5,"rawVarTimeLeft":-1.0,"scoreLead":0.0685522392,"scoreSelfplay":-0.0476301759,"scoreStdev":30.816906,"symHash":"47E1EBDAE69A5DED3FF8DB1FA4E91845","thisHash":"47E1EBDAE69A5DED3FF8DB1FA4E91845","utility":-0.00330782687,"visits":10,"weight":10.0,"winrate":0.497001179},"turnNumber":0}
: MoveNum: 1 HASH: 20D027FF3D8F63642B79C3F658C233F1
   A B C D E F G H J K L M N O P Q R S T
19 . . . . . . . . . . . . . . . . . . .
18 . . . . . . . . . . . . . . . . . . .
17 . . . . . . . . . . . . . . . . . . .
16 . . . . . . . . . . . . . . . . . . .
15 . . . . . . . . . . . . . . . . . . .
14 . . . . . . . . . . . . . . . . . . .
13 . . . . . . . . . . . . . . . . . . .
12 . . . . . . . . . . . . . . . . . . .
11 . . . . . . . . . . . . . . . . . . .
10 . . . . . . . . . . . . . . . . . . .
 9 . . . . . . . . . . . . . . . . . . .
 8 . . . . . . . . . . . . . . . . . . .
 7 . . . . . . . . . . . . . . . . . . .
 6 . . . . . . . . . . . . . . . . . . .
 5 . . . . . . . . . . . . . . . . . . .
 4 . . . X1. . . . . . . . . . . . . . .
 3 . . . . . . . . . . . . . . . . . . .
 2 . . . . . . . . . . . . . . . . . . .
 1 . . . . . . . . . . . . . . . . . . .

koPOSITIONALscoreAREAtaxNONEsui1komi7.5
Root visits: 10
New playouts: 10
NN rows: 20
NN batches: 20
NN avg batch size: 1
PV: Q17 D17
Tree:
: T  -0.27c W  -1.50c S  -0.01c ( -0.2 L  -0.0) N      10  --  Q17 D17
---White(v)---
Q17 : T  -0.11c W  -1.59c S  -0.02c ( -0.2 L  -0.0) LCB  148.93c P 11.00% WF   2.0 PSV       2 N       2  --  Q17 D17
R4  : T   0.73c W  -0.98c S   0.17c ( +0.1 L  +0.2) LCB  149.78c P 13.61% WF   2.0 PSV       2 N       2  --  R4 C16
R16 : T   0.22c W  -1.53c S  -0.04c ( -0.2 L  -0.0) LCB  149.32c P 13.56% WF   2.0 PSV       2 N       2  --  R16 C16
Q3  : T   0.07c W  -1.37c S   0.07c ( -0.1 L  +0.1) LCB  149.10c P 12.58% WF   2.0 PSV       2 N       2  --  Q3 C16
D17 : T  -6.31c W  -5.91c S  -0.39c ( -0.7 L  -0.1) LCB  343.69c P 10.94% WF   1.0 PSV       1 N       1  --  D17

: Response: {"id":"diag","isDuringSearch":false,"moveInfos":[{"lcb":1.02435042,"move":"Q17","order":0,"prior":0.110049225,"pv":["Q17","D17"],"scoreLead":-0.00308863819,"scoreMean":-0.00308863819,"scoreSelfplay":-0.187264681,"scoreStdev":30.6467267,"utility":-0.00113061406,"utilityLcb":1.48934287,"visits":2,"weight":2.0,"winrate":0.492038459},{"lcb":1.02744171,"move":"R4","order":1,"prior":0.136057988,"pv":["R4","C16"],"scoreLead":0.195229881,"scoreMean":0.195229881,"scoreSelfplay":0.0865837932,"scoreStdev":30.4741103,"utility":0.00730675437,"utilityLcb":1.49784757,"visits":2,"weight":2.0,"winrate":0.495105706},{"lcb":1.02483649,"move":"R16","order":2,"prior":0.135584757,"pv":["R16","C16"],"scoreLead":-0.0428485125,"scoreMean":-0.0428485125,"scoreSelfplay":-0.227648616,"scoreStdev":30.5878047,"utility":0.00219447143,"utilityLcb":1.49317109,"visits":2,"weight":2.0,"winrate":0.492344841},{"lcb":1.02539245,"move":"Q3","order":3,"prior":0.125763252,"pv":["Q3","C16"],"scoreLead":0.0941170026,"scoreMean":0.0941170026,"scoreSelfplay":-0.0640420616,"scoreStdev":30.4391571,"utility":0.000738774769,"utilityLcb":1.49103899,"visits":2,"weight":2.0,"winrate":0.493142374},{"lcb":1.72042686,"move":"D17","order":4,"prior":0.109419227,"pv":["D17"],"scoreLead":-0.085441485,"scoreMean":-0.085441485,"scoreSelfplay":-0.738848746,"scoreStdev":30.224417,"utility":-0.0630819657,"utilityLcb":3.43691805,"visits":1,"weight":1.0,"winrate":0.470426857}],"rootInfo":{"currentPlayer":"W","rawStScoreError":-1.0,"rawStWrError":-0.5,"rawVarTimeLeft":-1.0,"scoreLead":-0.0140041407,"scoreSelfplay":-0.177374035,"scoreStdev":30.5939434,"symHash":"04463BE482B52BD708FC9C247BE1C910","thisHash":"F311E6CDDDBBBFD412598613901B8E82","utility":-0.00258291484,"visits":10,"weight":10.0,"winrate":0.492549357},"turnNumber":1}
: MoveNum: 1 HASH: 399178EAA13E7B3665350D3C481B629B
   A B C D E F G H J K L M N O P Q R S T
19 . . . . . . . . . . . . . . . . . . .
18 . . . . . . . . . . . . . . . . . . .
17 . . . . . . . . . . . . . . . . . . .
16 . . . . . . . . . . . . . . . . . . .
15 . . . . . . . . . . . . . . . . . . .
14 . . . . . . . . . . . . . . . . . . .
13 . . . . . . . . . . . . . . . . . . .
12 . . . . . . . . . . . . . . . . . . .
11 . . . . . . . . . . . . . . . . . . .
10 . . . . . . . . . . . . . . . . . . .
 9 . . . . . . . . . . . . . . . . . . .
 8 . . . . . . . . . . . . . . . . . . .
 7 . . . . . . . . . . . . . . . . . . .
 6 . . . . . . . . . . . . . . . . . . .
 5 . . . . . . . . . . . . . . . . . . .
 4 . . . . . . . . . . . . . . . . . . .
 3 . . . X1. . . . . . . . . . . . . . .
 2 . . . . . . . . . . . . . . . . . . .
 1 . . . . . . . . . . . . . . . . . . .

koPOSITIONALscoreAREAtaxNONEsui1komi7.5
Root visits: 10
New playouts: 10
NN rows: 30
NN batches: 30
NN avg batch size: 1
PV: R16 C16 Q3
Tree:
: T   1.22c W   0.34c S  -0.09c ( +0.3 L  +0.3) N      10  --  R16 C16 Q3
---White(v)---
R16 : T  -0.59c W  -0.44c S  -0.13c ( +0.2 L  +0.4) LCB   73.35c P 13.22% WF   3.0 PSV       4 N       3  --  R16 C16 Q3
Q3  : T   1.02c W  -0.32c S  -0.17c ( +0.2 L  +0.2) LCB  150.07c P 11.83% WF   2.0 PSV       2 N       2  --  Q3 C16
R4  : T   1.89c W   0.25c S  -0.02c ( +0.4 L  +0.4) LCB  150.96c P 11.67% WF   2.0 PSV       2 N       2  --  R4 C16
Q17 : T   1.77c W   0.14c S  -0.15c ( +0.2 L  +0.3) LCB  150.86c P 10.47% WF   2.0 PSV       2 N       2  --  Q17 C16

: Response: {"id":"nosym","isDuringSearch":false,"moveInfos":[{"lcb":0.761890387,"move":"R16","order":0,"prior":0.132205307,"pv":["R16","C16","Q3"],"scoreLead":0.390972849,"scoreMean":0.390972849,"scoreSelfplay":0.213870505,"scoreStdev":30.4433297,"utility":-0.00593424374,"utilityLcb":0.733470406,"visits":3,"weight":3.0,"winrate":0.497817298},{"lcb":1.03070134,"move":"Q3","order":1,"prior":0.118326589,"pv":["Q3","C16"],"scoreLead":0.222920636,"scoreMean":0.222920636,"scoreSelfplay":0.16329959,"scoreStdev":30.4161792,"utility":0.0101844516,"utilityLcb":1.50067815,"visits":2,"weight":2.0,"winrate":0.498382166},{"lcb":1.03364425,"move":"R4","order":2,"prior":0.116677225,"pv":["R4","C16"],"scoreLead":0.389616296,"scoreMean":0.389616296,"scoreSelfplay":0.375848562,"scoreStdev":30.4517947,"utility":0.0188874826,"utilityLcb":1.50963147,"visits":2,"weight":2.0,"winrate":0.501235686},{"lcb":1.03316983,"move":"Q17","order":3,"prior":0.104730144,"pv":["Q17","C16"],"scoreLead":0.263420947,"scoreMean":0.263420947,"scoreSelfplay":0.189375728,"scoreStdev":30.5828497,"utility":0.0176743349,"utilityLcb":1.50861996,"visits":2,"weight":2.0,"winrate":0.500689246}],"rootInfo":{"currentPlayer":"W","rawStScoreError":-1.0,"rawStWrError":-0.5,"rawVarTimeLeft":-1.0,"scoreLead":0.316653726,"scoreSelfplay":0.271769911,"scoreStdev":30.5533575,"symHash":"225996804284D28C9BE63B2B78A822B9","thisHash":"EA50B9D8410AA7865C1548D980C2DFE8","utility":0.0122667694,"visits":10,"weight":10.0,"winrate":0.50168436},"turnNumber":1}
: MoveNum: 0 HASH: 545A4B53BACA7FA667B92AA2D42F022D
   A B C D E F G H J K L M N
 7 . . . . . . . . . . . . .
 6 . . . . . . . . . . . . .
 5 . . . . . . . . . . . . .
 4 . . . . . . . . . . . . .
 3 . . . . . . . . . . . . .
 2 . . . . . . . . . . . . .
 1 . . . . . . . . . . . . .

koPOSITIONALscoreAREAtaxNONEsui1komi7.5
Root visits: 10
New playouts: 10
NN rows: 40
NN batches: 40
NN avg batch size: 1
PV: D4 K4 L4 L5
Tree:
: T  -9.40c W  -7.98c S  -1.35c ( -0.6 L  -0.4) N      10  --  D4 K4 L4 L5
---Black(^)---
D4  : T  -9.35c W  -8.75c S  -1.46c ( -0.6 L  -0.5) LCB  -32.54c P 41.84% WF   6.0 PSV       7 N       6  --  D4 K4 L4 L5
K4  : T -14.33c W -10.68c S  -1.70c ( -0.8 L  -0.6) LCB  -88.61c P 45.32% WF   3.0 PSV       3 N       3  --  K4 D4 C4

: Response: {"id":"rect","isDuringSearch":false,"moveInfos":[{"lcb":0.373418145,"move":"D4","order":0,"ownership":[0.262332,0.269146,0.255441,0.231759,0.192637,0.10137,0.039388,-0.033398,-0.08849,-0.126157,-0.114473,-0.064197,-0.007006,0.285611,0.277215,0.322998,0.260073,0.218268,0.113852,0.046871,-0.040794,-0.194085,-0.181672,-0.172064,-0.074164,-0.041131,0.270157,0.30319,0.279279,0.442772,0.317747,0.121941,0.09548,0.003396,-0.150849,-0.337716,-0.149639,-0.073358,-0.039001,0.228884,0.272444,0.510034,0.889971,0.327047,0.169423,0.106654,-0.016361,-0.206927,-0.801011,0.183315,-0.065692,-0.069523,0.25096,0.270609,0.32651,0.47103,0.339784,0.13077,0.092969,0.009208,-0.16954,-0.306371,-0.193402,-0.059461,-0.052593,0.260732,0.253013,0.292025,0.275626,0.246297,0.099569,0.070834,-0.009158,-0.149834,-0.183997,-0.175267,-0.095642,-0.039719,0.227817,0.261051,0.234281,0.213609,0.188161,0.14774,0.05626,-0.014265,-0.078229,-0.093853,-0.087656,-0.088356,-0.045025],"prior":0.418372303,"pv":["D4","K4","L4","L5"],"scoreLead":-0.487584039,"scoreMean":-0.487584039,"scoreSelfplay":-0.640979784,"scoreStdev":13.6404119,"utility":-0.0935216206,"utilityLcb":-0.325406131,"visits":6,"weight":6.0,"winrate":0.456234042},{"lcb":0.18132063,"move":"K4","order":1,"ownership":[0.027675,-0.004473,-0.111513,-0.115024,-0.075126,0.008765,0.091592,0.152579,0.235949,0.258293,0.243457,0.268185,0.236584,0.045744,-0.041792,-0.154004,-0.193587,-0.165224,-0.023509,0.071882,0.146501,0.267306,0.274937,0.292448,0.270314,0.26554,0.05072,-0.058235,-0.240703,-0.3332,-0.21553,-0.040022,0.07071,0.15378,0.281381,0.425541,0.25891,0.270899,0.209914,0.027042,-0.103994,-0.049645,-0.758252,-0.262192,0.010797,0.163746,0.21918,0.373306,0.907493,0.454474,0.292579,0.220609,0.017946,-0.032594,-0.184843,-0.328423,-0.225888,-0.032304,0.055339,0.132138,0.330404,0.468891,0.29197,0.284785,0.209926,0.006366,-0.043788,-0.166377,-0.149587,-0.142449,-0.02528,0.046591,0.10833,0.254074,0.258024,0.318488,0.233269,0.220802,-0.013196,0.020006,-0.051216,-0.061599,-0.02783,0.018153,0.097122,0.172299,0.234439,0.255648,0.252407,0.248386,0.215613],"prior":0.453200638,"pv":["K4","D4","C4"],"scoreLead":-0.638908024,"scoreMean":-0.638908024,"scoreSelfplay":-0.785039723,"scoreStdev":13.3745872,"utility":-0.143305583,"utilityLcb":-0.886143115,"visits":3,"weight":3.0,"winrate":0.446619749}],"ownership":[0.198337,0.19461,0.171871,0.147868,0.129697,0.078168,0.046932,0.00428,-0.019497,-0.041128,-0.032942,0.009698,0.050594,0.220151,0.190232,0.211221,0.158621,0.13433,0.08465,0.052521,0.003535,-0.083998,-0.074909,-0.058308,0.009123,0.027799,0.207503,0.215368,0.178314,0.279264,0.213279,0.091781,0.090383,0.044276,-0.031943,-0.142774,-0.034739,0.008196,0.021267,0.170985,0.182743,0.367502,0.51826,0.195138,0.127251,0.107741,0.0335,-0.067355,-0.392171,0.22189,0.008802,-0.004734,0.190724,0.197367,0.220536,0.291335,0.220191,0.095175,0.081956,0.040447,-0.04156,-0.123555,-0.072567,0.016592,0.006216,0.196091,0.168953,0.187293,0.177087,0.157679,0.070954,0.061766,0.016426,-0.057159,-0.082572,-0.063547,-0.027763,0.015667,0.172379,0.192746,0.165205,0.149358,0.135593,0.112019,0.058545,0.020434,-0.012147,-0.019129,-0.015431,-0.015727,0.014097],"rootInfo":{"currentPlayer":"B","rawStScoreError":-1.0,"rawStWrError":-0.5,"rawVarTimeLeft":-1.0,"scoreLead":-0.409906478,"scoreSelfplay":-0.565306835,"scoreStdev":13.7122725,"symHash":"8BC74662B7D456891A877976DC0B2EB9","thisHash":"DE70617C4887C4CBA28CD3DD04E37C5B","utility":-0.094112283,"visits":10,"weight":10.0,"winrate":0.46009406},"turnNumber":0}
: MoveNum: 0 HASH: 01ED6C4D4599EDE4DFB280090CC750CF
   A B C D E F G
13 . . . . . . .
12 . . . . . . .
11 . . . . . . .
10 . . . . . . .
 9 . . . . . . .
 8 . . . . . . .
 7 . . . . . . .
 6 . . . . . . .
 5 . . . . . . .
 4 . . . . . . .
 3 . . . . . . .
 2 . . . . . . .
 1 . . . . . . .

koPOSITIONALscoreAREAtaxNONEsui1komi7.5
Root visits: 10
New playouts: 10
NN rows: 50
NN batches: 50
NN avg batch size: 1
PV: D10 D4 D3 E3 C3
Tree:
: T  -7.70c W  -5.73c S  -1.29c ( -0.3 L  -0.2) N      10  --  D10 D4 D3 E3 C3
---Black(^)---
D10 : T  -8.28c W  -7.00c S  -1.33c ( -0.4 L  -0.4) LCB  -30.75c P 47.48% WF   6.0 PSV       7 N       6  --  D10 D4 D3 E3 C3
D4  : T -11.71c W  -7.56c S  -1.82c ( -0.7 L  -0.3) LCB  -86.49c P 39.04% WF   3.0 PSV       3 N       3  --  D4 D10 D11

: Response: {"id":"rect2","isDuringSearch":false,"moveInfos":[{"lcb":0.384752352,"move":"D10","order":0,"ownership":[0.254573,0.262745,0.258599,0.24986,0.257563,0.289557,0.242735,0.267893,0.248152,0.313546,0.267451,0.291822,0.273598,0.263316,0.262034,0.275026,0.263527,0.452476,0.264792,0.285805,0.218614,0.231994,0.274769,0.487346,0.890234,0.446675,0.283831,0.201672,0.190089,0.201501,0.305728,0.327641,0.308252,0.218067,0.162052,0.132753,0.123824,0.106111,0.161378,0.125634,0.112061,0.120863,0.034504,0.030909,0.032284,0.085109,0.022965,0.077127,0.034586,-0.021471,-0.024438,-0.052768,-0.065776,-0.046266,-0.02357,-0.069017,-0.062409,-0.108815,-0.151786,-0.273857,-0.21989,-0.202365,-0.141961,-0.046365,-0.086473,-0.268225,-0.807182,-0.439711,-0.287911,-0.222079,-0.03378,-0.033846,-0.002668,0.215361,-0.379437,-0.267018,-0.196314,0.020828,0.043283,0.027667,-0.032092,-0.154706,-0.195574,-0.17831,0.048,0.084752,0.056317,-0.002672,-0.031479,-0.100548,-0.119491],"prior":0.474777013,"pv":["D10","D4","D3","E3","C3"],"scoreLead":-0.397292151,"scoreMean":-0.397292151,"scoreSelfplay":-0.353408732,"scoreStdev":13.8184795,"utility":-0.0827955982,"utilityLcb":-0.307467401,"visits":6,"weight":6.0,"winrate":0.464992282},{"lcb":0.195133887,"move":"D4","order":1,"ownership":[0.020923,0.068593,0.002322,0.003882,-0.011122,0.030738,0.009483,0.011202,0.020483,-0.021064,-0.051223,-0.047177,-0.04034,0.011364,-0.033744,-0.137592,-0.137865,-0.011295,-0.156253,-0.117277,-0.058193,-0.030165,-0.141383,-0.26983,-0.732269,-0.312096,-0.146571,-0.078453,-0.033302,-0.118666,-0.186332,-0.201154,-0.19411,-0.147846,-0.02643,0.000943,-0.031812,-0.036811,-0.043462,-0.039069,-0.051435,0.024963,0.06684,0.063289,0.10478,0.132096,0.079032,0.012616,0.102865,0.152845,0.12037,0.172131,0.159767,0.125653,0.124613,0.168159,0.227478,0.253965,0.290098,0.340417,0.311848,0.244545,0.219208,0.258376,0.276788,0.482229,0.899664,0.437416,0.288366,0.236,0.25928,0.267173,0.29384,0.486254,0.299273,0.303579,0.231678,0.228143,0.226428,0.260249,0.256778,0.30613,0.234459,0.224491,0.228672,0.251371,0.227101,0.213788,0.219109,0.241882,0.210992],"prior":0.390361071,"pv":["D4","D10","D11"],"scoreLead":-0.289474304,"scoreMean":-0.289474304,"scoreSelfplay":-0.663814684,"scoreStdev":13.437087,"utility":-0.117119134,"utilityLcb":-0.864895645,"visits":3,"weight":3.0,"winrate":0.462196926}],"ownership":[0.192478,0.207275,0.200076,0.185477,0.199403,0.227221,0.191492,0.203006,0.181041,0.231583,0.189717,0.21976299999999999,0.204567,0.200515,0.185848,0.17992,0.188047,0.338433,0.186118,0.194223,0.158558,0.165439,0.178846,0.321059,0.530846,0.281411,0.186657,0.13967,0.136644,0.129234,0.206562,0.212374,0.20569,0.141297,0.118637,0.101239,0.086396,0.080158,0.11444,0.091421,0.078951,0.095288,0.042072,0.035305,0.047404,0.087633,0.035081,0.06474,0.044809,0.017482,0.007135,0.00381,-0.012835,-0.001581,0.013148,-0.017902,0.002112,-0.028159,-0.036579,-0.126979,-0.082457,-0.094722,-0.058213,0.017879,-0.007951,-0.08841,-0.406311,-0.224859,-0.152839,-0.113134,0.029395,0.031409,0.070321,0.244565,-0.207528,-0.134403,-0.096495,0.0648,0.067164,0.073934,0.023567,-0.049178,-0.09886,-0.087484,0.087824,0.107139,0.087595,0.040941,0.022544,-0.020536,-0.038476],"rootInfo":{"currentPlayer":"B","rawStScoreError":-1.0,"rawStWrError":-0.5,"rawVarTimeLeft":-1.0,"scoreLead":-0.230808563,"scoreSelfplay":-0.325190859,"scoreStdev":13.8478158,"symHash":"8BC74662B7D456891A877976DC0B2EB9","thisHash":"8BC74662B7D456891A877976DC0B2EB9","utility":-0.0770618656,"visits":10,"weight":10.0,"winrate":0.471329087},"turnNumber":0}
: MoveNum: 0 HASH: 01ED6C4D4599EDE4DFB280090CC750CF
   A B C D E F G
13 . . . . . . .
12 . . . . . . .
11 . . . . . . .
10 . . . . . . .
 9 . . . . . . .
 8 . . . . . . .
 7 . . . . . . .
 6 . . . . . . .
 5 . . . . . . .
 4 . . . . . . .
 3 . . . . . . .
 2 . . . . . . .
 1 . . . . . . .

koPOSITIONALscoreAREAtaxNONEsui1komi7.5
Root visits: 20
New playouts: 20
NN rows: 60
NN batches: 60
NN avg batch size: 1
PV: D10 D4 D3 E3 C3 E4 B5
Tree:
: T  -3.69c W  -3.60c S  -0.96c ( -0.1 L  -0.0) N      20  --  D10 D4 D3 E3 C3 E4 B5
---Black(^)---
D10 : T  -0.80c W  -2.45c S  -0.75c ( +0.1 L  +0.0) LCB  -14.92c P 47.48% WF  12.2 PSV      12 N      12  --  D10 D4 D3 E3 C3 E4 B5
D4  : T -10.50c W  -7.25c S  -1.57c ( -0.5 L  -0.2) LCB  -30.39c P 39.04% WF   6.8 PSV       4 N       7  --  D4 D10 D11 C11 E11

: Response: {"id":"rect3","isDuringSearch":false,"moveInfos":[{"lcb":0.437298243,"move":"D10","order":0,"ownership":[0.230147,0.241734,0.234567,0.231306,0.242228,0.281662,0.233817,0.262796,0.206464,0.290709,0.211889,0.262389,0.237545,0.24301,0.245485,0.248144,0.233584,0.418426,0.254168,0.261838,0.205276,0.207115,0.260457,0.482817,0.887327,0.439857,0.272982,0.18058,0.177812,0.194428,0.330111,0.333778,0.321046,0.217068,0.149293,0.135081,0.128011,0.107299,0.154474,0.103729,0.0903,0.093419,0.053083,0.055756,0.058693,0.046269,0.009641,0.040883,-0.013259,0.02736,0.070354,-0.046483,-0.09097,-0.069453,-0.05239,-0.117904,0.008494,0.037286,-0.094478,-0.245862,-0.214636,-0.199177,-0.194128,0.013631,0.002702,-0.263311,-0.793401,-0.507078,-0.288954,-0.239904,0.013535,0.025164,-0.025189,0.375505,-0.306156,-0.279703,-0.212574,0.036375,0.043266,0.054256,-0.016485,-0.09653,-0.206713,-0.191184,0.037572,0.073548,0.061927,0.036871,-0.019782,-0.110242,-0.155745],"prior":0.474777013,"pv":["D10","D4","D3","E3","C3","E4","B5"],"scoreLead":0.0213825303,"scoreMean":0.0213825303,"scoreSelfplay":0.0543130054,"scoreStdev":13.7914566,"utility":-0.00800391779,"utilityLcb":-0.149232959,"visits":12,"weight":12.0,"winrate":0.487737187},{"lcb":0.392729576,"move":"D4","order":1,"ownership":[-0.083616,-0.058474,-0.08084,-0.021141,0.019489,0.061514,0.069338,-0.167609,-0.155367,-0.126587,-0.060299,0.078859,0.043024,0.046041,-0.20513,-0.273487,-0.375292,0.286715,0.001921,-0.035265,0.008616,-0.183782,-0.264672,-0.396124,-0.797992,-0.309473,-0.084669,-0.032308,-0.13644,-0.191663,-0.209285,-0.242993,-0.186461,-0.111546,-0.005173,-0.060768,-0.067676,-0.032435,-0.064653,-0.026893,-0.013815,0.00409,0.023993,0.05144,0.095884,0.094189,0.075104,0.025982,0.088373,0.125755,0.114372,0.156527,0.164787,0.119598,0.128007,0.150105,0.198711,0.234862,0.30461,0.348256,0.324863,0.231113,0.208077,0.244444,0.276141,0.483832,0.880199,0.445719,0.288295,0.233089,0.260078,0.270828,0.304789,0.465206,0.309116,0.303474,0.231318,0.242323,0.234123,0.262929,0.252282,0.2989,0.239538,0.220733,0.231171,0.261266,0.226914,0.200079,0.234166,0.275043,0.234138],"prior":0.390361071,"pv":["D4","D10","D11","C11","E11"],"scoreLead":-0.225927638,"scoreMean":-0.225927638,"scoreSelfplay":-0.502506241,"scoreStdev":13.4879116,"utility":-0.104993885,"utilityLcb":-0.303894747,"visits":7,"weight":7.0,"winrate":0.463765599}],"ownership":[0.145672,0.160116,0.153498,0.161292,0.184374,0.221085,0.189963,0.1499,0.108213,0.180335,0.138831,0.214076,0.18617,0.187793,0.126155,0.113257,0.086611,0.373079,0.192416,0.181864,0.153395,0.104394,0.124008,0.256053,0.447318,0.245123,0.177411,0.124498,0.096014,0.094341,0.193496,0.184317,0.191932,0.132406,0.107931,0.083833,0.075897,0.073423,0.096934,0.071036,0.064436,0.069089,0.046012,0.052757,0.067378,0.056802,0.027108,0.038714,0.012612,0.052439,0.078985,0.010215,-0.021852,-0.015826,-0.002416,-0.046606,0.056999,0.085312,0.016747,-0.085811,-0.063916,-0.081955,-0.085143,0.070997,0.070762,-0.060985,-0.343612,-0.245418,-0.134003,-0.111685,0.075845,0.087001,0.065334,0.379355,-0.136551,-0.123458,-0.093308,0.088598,0.084757,0.105458,0.049391,0.007224,-0.08887,-0.082028,0.08844,0.115582,0.101708,0.076584,0.045342,-0.007642,-0.049132],"rootInfo":{"currentPlayer":"B","rawStScoreError":-1.0,"rawStWrError":-0.5,"rawVarTimeLeft":-1.0,"scoreLead":0.0174688236,"scoreSelfplay":-0.0293106497,"scoreStdev":13.8062543,"symHash":"8BC74662B7D456891A877976DC0B2EB9","thisHash":"8BC74662B7D456891A877976DC0B2EB9","utility":-0.0257947186,"visits":20,"weight":20.0,"winrate":0.484979708},"turnNumber":0}
: MoveNum: 0 HASH: 01ED6C4D4599EDE4DFB280090CC750CF
   A B C D E F G
13 . . . . . . .
12 . . . . . . .
11 . . . . . . .
10 . . . . . . .
 9 . . . . . . .
 8 . . . . . . .
 7 . . . . . . .
 6 . . . . . . .
 5 . . . . . . .
 4 . . . . . . .
 3 . . . . . . .
 2 . . . . . . .
 1 . . . . . . .

koPOSITIONALscoreAREAtaxNONEsui1komi7.5
Root visits: 20
New playouts: 20
NN rows: 61
NN batches: 61
NN avg batch size: 1
PV: D10 D4 D3 E3 C3 E4 B5
Tree:
: T  -3.03c W  -3.84c S  -0.99c ( -0.1 L  -0.0) N      20  --  D10 D4 D3 E3 C3 E4 B5
---Black(^)---
D10 : T  -2.68c W  -3.86c S  -0.96c ( -0.1 L  -0.1) LCB  -18.47c P 47.48% WF  13.0 PSV      13 N      13  --  D10 D4 D3 E3 C3 E4 B5
D4  : T  -5.61c W  -5.68c S  -1.30c ( -0.3 L  -0.1) LCB  -31.73c P 39.04% WF   6.0 PSV       6 N       6  --  D4 D10 D11 E11

: Response: {"id":"rect4","isDuringSearch":false,"moveInfos":[{"lcb":0.424309599,"move":"D10","order":0,"ownershipStdev":[0.060808,0.041144,0.045973,0.044434,0.051197,0.066235,0.032957,0.037154,0.065515,0.045923,0.091314,0.062691,0.070053,0.041183,0.035363,0.054009,0.106862,0.115769,0.049892,0.046803,0.044227,0.046507,0.028921,0.022241,0.024144,0.024278,0.031334,0.045797,0.049654,0.030235,0.07514,0.033141,0.080902,0.02542,0.036446,0.075824,0.05518,0.058039,0.07,0.074436,0.05121,0.055195,0.121355,0.081917,0.070078,0.128427,0.084289,0.082557,0.103431,0.204772,0.218891,0.079029,0.076871,0.089706,0.162537,0.160601,0.298882,0.384793,0.21708,0.090535,0.188811,0.200424,0.210063,0.365945,0.397501,0.244332,0.138586,0.267597,0.323538,0.283836,0.388203,0.419128,0.588318,0.308848,0.535576,0.381027,0.330338,0.387254,0.386477,0.393091,0.194295,0.291391,0.361372,0.333552,0.321213,0.362521,0.251275,0.172176,0.173357,0.313178,0.300769],"prior":0.474777013,"pv":["D10","D4","D3","E3","C3","E4","B5"],"scoreLead":-0.0776201389,"scoreMean":-0.0776201389,"scoreSelfplay":-0.0910855591,"scoreStdev":13.7443536,"utility":-0.0268123123,"utilityLcb":-0.184682439,"visits":13,"weight":13.0,"winrate":0.480691787},{"lcb":0.378340704,"move":"D4","order":1,"ownershipStdev":[0.112868,0.163716,0.148005,0.149119,0.128512,0.16078,0.113026,0.203146,0.218031,0.185715,0.101742,0.21229,0.199001,0.168734,0.155414,0.143419,0.348448,0.438156,0.322053,0.159966,0.142274,0.156693,0.165009,0.103119,0.203979,0.117905,0.119324,0.135731,0.105942,0.076895,0.083928,0.242352,0.080724,0.061316,0.083389,0.108795,0.042998,0.088376,0.094177,0.08331,0.050841,0.081619,0.092047,0.050969,0.049664,0.090813,0.055847,0.050917,0.065175,0.066841,0.037498,0.065646,0.045272,0.051498,0.040884,0.054871,0.069497,0.043657,0.073453,0.028993,0.046469,0.040394,0.051137,0.060736,0.026676,0.016975,0.027173,0.03465,0.042679,0.067969,0.004831,0.010716,0.050364,0.028745,0.022892,0.027497,0.018266,0.058905,0.015489,0.013013,0.032256,0.031392,0.014637,0.030038,0.057747,0.040153,0.01104,0.020438,0.029681,0.121332,0.070103],"prior":0.390361071,"pv":["D4","D10","D11","E11"],"scoreLead":-0.0828078581,"scoreMean":-0.0828078581,"scoreSelfplay":-0.316019189,"scoreStdev":13.4479765,"utility":-0.0560615378,"utilityLcb":-0.31725737,"visits":6,"weight":6.0,"winrate":0.47162493}],"ownershipStdev":[0.119322,0.123365,0.138845,0.144669,0.126761,0.148949,0.106825,0.159899,0.144566,0.152314,0.135072,0.153393,0.151053,0.136783,0.156961,0.173864,0.235483,0.224614,0.215317,0.163781,0.124295,0.142079,0.180339,0.30278,0.640016,0.295389,0.169203,0.124805,0.118031,0.129396,0.192886,0.230187,0.209578,0.141274,0.086835,0.105803,0.083584,0.0776,0.100175,0.086471,0.069658,0.074035,0.114311,0.076092,0.067033,0.12095,0.081913,0.077275,0.099731,0.186157,0.195032,0.109624,0.118745,0.111545,0.158843,0.173029,0.274092,0.348488,0.253045,0.236783,0.272125,0.242272,0.238907,0.334507,0.366405,0.358234,0.648308,0.435621,0.359631,0.306522,0.355641,0.382171,0.537533,0.287721,0.531397,0.402576,0.336667,0.353286,0.350571,0.356903,0.199099,0.297788,0.362263,0.333136,0.295922,0.330289,0.230719,0.16411,0.182129,0.321975,0.308163],"rootInfo":{"currentPlayer":"B","rawStScoreError":-1.0,"rawStWrError":-0.5,"rawVarTimeLeft":-1.0,"scoreLead":-0.0280909383,"scoreSelfplay":-0.111011977,"scoreStdev":13.7305888,"symHash":"8BC74662B7D456891A877976DC0B2EB9","thisHash":"8BC74662B7D456891A877976DC0B2EB9","utility":-0.0303708476,"visits":20,"weight":20.0,"winrate":0.480774461},"turnNumber":0}
: tests/models/g170-b6c96-s175395328-d26788732.bin.gz
: NN rows: 61
: NN batches: 61
: NN avg batch size: 1
: GPU -1 finishing, processed 61 rows 61 batches
: All cleaned up, quitting
